Archive member included to satisfy reference by file (symbol)

d:/mypc/quartus/quartus/nios2eds/bin/gnu/h-x86_64-mingw32/bin/../lib/gcc/nios2-elf/5.3.0\libgcc.a(muldf3.o)
                              obj/default/hello_world.o (__muldf3)
d:/mypc/quartus/quartus/nios2eds/bin/gnu/h-x86_64-mingw32/bin/../lib/gcc/nios2-elf/5.3.0\libgcc.a(floatsidf.o)
                              obj/default/hello_world.o (__floatsidf)
d:/mypc/quartus/quartus/nios2eds/bin/gnu/h-x86_64-mingw32/bin/../lib/gcc/nios2-elf/5.3.0\libgcc.a(extendsfdf2.o)
                              obj/default/hello_world.o (__extendsfdf2)
d:/mypc/quartus/quartus/nios2eds/bin/gnu/h-x86_64-mingw32/bin/../lib/gcc/nios2-elf/5.3.0\libgcc.a(truncdfsf2.o)
                              obj/default/hello_world.o (__truncdfsf2)
d:/mypc/quartus/quartus/nios2eds/bin/gnu/h-x86_64-mingw32/bin/../lib/gcc/nios2-elf/5.3.0\libgcc.a(_clzsi2.o)
                              d:/mypc/quartus/quartus/nios2eds/bin/gnu/h-x86_64-mingw32/bin/../lib/gcc/nios2-elf/5.3.0\libgcc.a(muldf3.o) (__clzsi2)
d:/mypc/quartus/quartus/nios2eds/bin/gnu/h-x86_64-mingw32/bin/../lib/gcc/nios2-elf/5.3.0\libgcc.a(_clz.o)
                              d:/mypc/quartus/quartus/nios2eds/bin/gnu/h-x86_64-mingw32/bin/../lib/gcc/nios2-elf/5.3.0\libgcc.a(_clzsi2.o) (__clz_tab)
d:/mypc/quartus/quartus/nios2eds/bin/gnu/h-x86_64-mingw32/bin/../lib/gcc/nios2-elf/5.3.0/../../../../../H-x86_64-mingw32/nios2-elf/lib\libc.a(lib_a-printf.o)
                              obj/default/hello_world.o (printf)
d:/mypc/quartus/quartus/nios2eds/bin/gnu/h-x86_64-mingw32/bin/../lib/gcc/nios2-elf/5.3.0/../../../../../H-x86_64-mingw32/nios2-elf/lib\libc.a(lib_a-puts.o)
                              obj/default/hello_world.o (puts)
d:/mypc/quartus/quartus/nios2eds/bin/gnu/h-x86_64-mingw32/bin/../lib/gcc/nios2-elf/5.3.0/../../../../../H-x86_64-mingw32/nios2-elf/lib\libc.a(lib_a-strlen.o)
                              d:/mypc/quartus/quartus/nios2eds/bin/gnu/h-x86_64-mingw32/bin/../lib/gcc/nios2-elf/5.3.0/../../../../../H-x86_64-mingw32/nios2-elf/lib\libc.a(lib_a-puts.o) (strlen)
d:/mypc/quartus/quartus/nios2eds/bin/gnu/h-x86_64-mingw32/bin/../lib/gcc/nios2-elf/5.3.0/../../../../../H-x86_64-mingw32/nios2-elf/lib\libc.a(lib_a-vfprintf.o)
                              d:/mypc/quartus/quartus/nios2eds/bin/gnu/h-x86_64-mingw32/bin/../lib/gcc/nios2-elf/5.3.0/../../../../../H-x86_64-mingw32/nios2-elf/lib\libc.a(lib_a-printf.o) (___vfprintf_internal_r)
d:/mypc/quartus/quartus/nios2eds/bin/gnu/h-x86_64-mingw32/bin/../lib/gcc/nios2-elf/5.3.0/../../../../../H-x86_64-mingw32/nios2-elf/lib\libc.a(lib_a-wsetup.o)
                              d:/mypc/quartus/quartus/nios2eds/bin/gnu/h-x86_64-mingw32/bin/../lib/gcc/nios2-elf/5.3.0/../../../../../H-x86_64-mingw32/nios2-elf/lib\libc.a(lib_a-vfprintf.o) (__swsetup_r)
d:/mypc/quartus/quartus/nios2eds/bin/gnu/h-x86_64-mingw32/bin/../lib/gcc/nios2-elf/5.3.0/../../../../../H-x86_64-mingw32/nios2-elf/lib\libc.a(lib_a-dtoa.o)
                              d:/mypc/quartus/quartus/nios2eds/bin/gnu/h-x86_64-mingw32/bin/../lib/gcc/nios2-elf/5.3.0/../../../../../H-x86_64-mingw32/nios2-elf/lib\libc.a(lib_a-vfprintf.o) (_dtoa_r)
d:/mypc/quartus/quartus/nios2eds/bin/gnu/h-x86_64-mingw32/bin/../lib/gcc/nios2-elf/5.3.0/../../../../../H-x86_64-mingw32/nios2-elf/lib\libc.a(lib_a-fflush.o)
                              d:/mypc/quartus/quartus/nios2eds/bin/gnu/h-x86_64-mingw32/bin/../lib/gcc/nios2-elf/5.3.0/../../../../../H-x86_64-mingw32/nios2-elf/lib\libc.a(lib_a-vfprintf.o) (_fflush_r)
d:/mypc/quartus/quartus/nios2eds/bin/gnu/h-x86_64-mingw32/bin/../lib/gcc/nios2-elf/5.3.0/../../../../../H-x86_64-mingw32/nios2-elf/lib\libc.a(lib_a-findfp.o)
                              d:/mypc/quartus/quartus/nios2eds/bin/gnu/h-x86_64-mingw32/bin/../lib/gcc/nios2-elf/5.3.0/../../../../../H-x86_64-mingw32/nios2-elf/lib\libc.a(lib_a-puts.o) (__sinit)
d:/mypc/quartus/quartus/nios2eds/bin/gnu/h-x86_64-mingw32/bin/../lib/gcc/nios2-elf/5.3.0/../../../../../H-x86_64-mingw32/nios2-elf/lib\libc.a(lib_a-freer.o)
                              d:/mypc/quartus/quartus/nios2eds/bin/gnu/h-x86_64-mingw32/bin/../lib/gcc/nios2-elf/5.3.0/../../../../../H-x86_64-mingw32/nios2-elf/lib\libc.a(lib_a-wsetup.o) (_free_r)
d:/mypc/quartus/quartus/nios2eds/bin/gnu/h-x86_64-mingw32/bin/../lib/gcc/nios2-elf/5.3.0/../../../../../H-x86_64-mingw32/nios2-elf/lib\libc.a(lib_a-fvwrite.o)
                              d:/mypc/quartus/quartus/nios2eds/bin/gnu/h-x86_64-mingw32/bin/../lib/gcc/nios2-elf/5.3.0/../../../../../H-x86_64-mingw32/nios2-elf/lib\libc.a(lib_a-puts.o) (__sfvwrite_r)
d:/mypc/quartus/quartus/nios2eds/bin/gnu/h-x86_64-mingw32/bin/../lib/gcc/nios2-elf/5.3.0/../../../../../H-x86_64-mingw32/nios2-elf/lib\libc.a(lib_a-fwalk.o)
                              d:/mypc/quartus/quartus/nios2eds/bin/gnu/h-x86_64-mingw32/bin/../lib/gcc/nios2-elf/5.3.0/../../../../../H-x86_64-mingw32/nios2-elf/lib\libc.a(lib_a-findfp.o) (_fwalk)
[...]
Memory Configuration

Name             Origin             Length             Attributes
reset            0x0000000000040000 0x0000000000000020
onchip_memory2   0x0000000000040020 0x00000000000270e0
*default*        0x0000000000000000 0xffffffffffffffff

Linker script and memory map

LOAD ../miniProjet_telemetre_us_bsp//obj/HAL/src/crt0.o
LOAD obj/default/hello_world.o
LOAD d:/mypc/quartus/quartus/nios2eds/bin/gnu/h-x86_64-mingw32/bin/../lib/gcc/nios2-elf/5.3.0/../../../../../H-x86_64-mingw32/nios2-elf/lib\libstdc++.a
LOAD d:/mypc/quartus/quartus/nios2eds/bin/gnu/h-x86_64-mingw32/bin/../lib/gcc/nios2-elf/5.3.0/../../../../../H-x86_64-mingw32/nios2-elf/lib\libm.a
LOAD d:/mypc/quartus/quartus/nios2eds/bin/gnu/h-x86_64-mingw32/bin/../lib/gcc/nios2-elf/5.3.0\libgcc.a
START GROUP
LOAD d:/mypc/quartus/quartus/nios2eds/bin/gnu/h-x86_64-mingw32/bin/../lib/gcc/nios2-elf/5.3.0/../../../../../H-x86_64-mingw32/nios2-elf/lib\libc.a
LOAD d:/mypc/quartus/quartus/nios2eds/bin/gnu/h-x86_64-mingw32/bin/../lib/gcc/nios2-elf/5.3.0\libgcc.a
LOAD ../miniProjet_telemetre_us_bsp/\libhal_bsp.a
LOAD d:/mypc/quartus/quartus/nios2eds/bin/gnu/h-x86_64-mingw32/bin/../lib/gcc/nios2-elf/5.3.0/../../../../../H-x86_64-mingw32/nios2-elf/lib\libm.a
END GROUP
LOAD d:/mypc/quartus/quartus/nios2eds/bin/gnu/h-x86_64-mingw32/bin/../lib/gcc/nios2-elf/5.3.0\libgcc.a
                0x0000000000040000                __alt_mem_onchip_memory2 = 0x40000

.entry          0x0000000000040000       0x20
 *(.entry)
 .entry         0x0000000000040000       0x20 ../miniProjet_telemetre_us_bsp//obj/HAL/src/crt0.o
                0x0000000000040000                __reset

.exceptions     0x0000000000040020      0x1a0
                0x0000000000040020                PROVIDE (__ram_exceptions_start, ABSOLUTE (.))
                0x0000000000040020                . = ALIGN (0x20)
 *(.irq)
 *(.exceptions.entry.label)
 .exceptions.entry.label
                0x0000000000040020        0x0 ../miniProjet_telemetre_us_bsp/\libhal_bsp.a(alt_irq_entry.o)
                0x0000000000040020                alt_irq_entry
 .exceptions.entry.label
                0x0000000000040020        0x0 ../miniProjet_telemetre_us_bsp/\libhal_bsp.a(alt_exception_entry.o)
                0x0000000000040020                alt_exception
 *(.exceptions.entry.user)
 *(.exceptions.entry.ecc_fatal)
 *(.exceptions.entry)
 .exceptions.entry
                0x0000000000040020       0x54 ../miniProjet_telemetre_us_bsp/\libhal_bsp.a(alt_exception_entry.o)
 *(.exceptions.irqtest.user)
 *(.exceptions.irqtest)
 .exceptions.irqtest
                0x0000000000040074       0x10 ../miniProjet_telemetre_us_bsp/\libhal_bsp.a(alt_irq_entry.o)
 *(.exceptions.irqhandler.user)
 *(.exceptions.irqhandler)
 .exceptions.irqhandler
                0x0000000000040084        0x4 ../miniProjet_telemetre_us_bsp/\libhal_bsp.a(alt_irq_entry.o)
 *(.exceptions.irqreturn.user)
 *(.exceptions.irqreturn)
 .exceptions.irqreturn
                0x0000000000040088        0x4 ../miniProjet_telemetre_us_bsp/\libhal_bsp.a(alt_irq_entry.o)
 *(.exceptions.notirq.label)
 .exceptions.notirq.label
                0x000000000004008c        0x0 ../miniProjet_telemetre_us_bsp/\libhal_bsp.a(alt_irq_entry.o)
 *(.exceptions.notirq.user)
 *(.exceptions.notirq)
 .exceptions.notirq
                0x000000000004008c        0x8 ../miniProjet_telemetre_us_bsp/\libhal_bsp.a(alt_exception_entry.o)
 *(.exceptions.soft.user)
 *(.exceptions.soft)
 *(.exceptions.unknown.user)
 *(.exceptions.unknown)
 .exceptions.unknown
                0x0000000000040094        0x4 ../miniProjet_telemetre_us_bsp/\libhal_bsp.a(alt_exception_entry.o)
 *(.exceptions.exit.label)
 .exceptions.exit.label
                0x0000000000040098        0x0 ../miniProjet_telemetre_us_bsp/\libhal_bsp.a(alt_irq_entry.o)
 .exceptions.exit.label
                0x0000000000040098        0x0 ../miniProjet_telemetre_us_bsp/\libhal_bsp.a(alt_exception_entry.o)
 *(.exceptions.exit.user)
 *(.exceptions.exit)
 .exceptions.exit
                0x0000000000040098       0x54 ../miniProjet_telemetre_us_bsp/\libhal_bsp.a(alt_exception_entry.o)
 *(.exceptions)
 .exceptions    0x00000000000400ec       0xd4 ../miniProjet_telemetre_us_bsp/\libhal_bsp.a(alt_irq_handler.o)
                0x00000000000400ec                alt_irq_handler
                0x00000000000401c0                PROVIDE (__ram_exceptions_end, ABSOLUTE (.))
                0x0000000000040020                PROVIDE (__flash_exceptions_start, LOADADDR (.exceptions))

.text           0x00000000000401c0     0xf4ec
                [!provide]                        PROVIDE (stext, ABSOLUTE (.))
 *(.interp)
 *(.hash)
 *(.dynsym)
 *(.dynstr)
 *(.gnu.version)
 *(.gnu.version_d)
 *(.gnu.version_r)
 *(.rel.init)
 *(.rela.init)
 *(.rel.text .rel.text.* .rel.gnu.linkonce.t.*)
 *(.rela.text .rela.text.* .rela.gnu.linkonce.t.*)
 *(.rel.fini)
 *(.rela.fini)
 *(.rel.rodata .rel.rodata.* .rel.gnu.linkonce.r.*)
 *(.rela.rodata .rela.rodata.* .rela.gnu.linkonce.r.*)
 *(.rel.data .rel.data.* .rel.gnu.linkonce.d.*)
 *(.rela.data .rela.data.* .rela.gnu.linkonce.d.*)
 *(.rel.tdata .rel.tdata.* .rel.gnu.linkonce.td.*)
 *(.rela.tdata .rela.tdata.* .rela.gnu.linkonce.td.*)
 *(.rel.tbss .rel.tbss.* .rel.gnu.linkonce.tb.*)
 *(.rela.tbss .rela.tbss.* .rela.gnu.linkonce.tb.*)
 *(.rel.ctors)
 *(.rela.ctors)
 *(.rel.dtors)
 *(.rela.dtors)
 *(.rel.got)
 *(.rela.got)
 *(.rel.sdata .rel.sdata.* .rel.gnu.linkonce.s.*)
 *(.rela.sdata .rela.sdata.* .rela.gnu.linkonce.s.*)
 *(.rel.sbss .rel.sbss.* .rel.gnu.linkonce.sb.*)
 *(.rela.sbss .rela.sbss.* .rela.gnu.linkonce.sb.*)
 *(.rel.sdata2 .rel.sdata2.* .rel.gnu.linkonce.s2.*)
 *(.rela.sdata2 .rela.sdata2.* .rela.gnu.linkonce.s2.*)
 *(.rel.sbss2 .rel.sbss2.* .rel.gnu.linkonce.sb2.*)
 *(.rela.sbss2 .rela.sbss2.* .rela.gnu.linkonce.sb2.*)
 *(.rel.bss .rel.bss.* .rel.gnu.linkonce.b.*)
 *(.rela.bss .rela.bss.* .rela.gnu.linkonce.b.*)
 *(.rel.plt)
 *(.rela.plt)
 *(.rel.dyn)
 *(.init)
 *(.plt)
 *(.text .stub .text.* .gnu.linkonce.t.*)
 .text          0x00000000000401c0       0x4c ../miniProjet_telemetre_us_bsp//obj/HAL/src/crt0.o
                0x00000000000401c0                _start
 .text          0x000000000004020c       0xb8 obj/default/hello_world.o
                0x000000000004020c                main
 .text          0x00000000000402c4      0x718 d:/mypc/quartus/quartus/nios2eds/bin/gnu/h-x86_64-mingw32/bin/../lib/gcc/nios2-elf/5.3.0\libgcc.a(muldf3.o)
                0x00000000000402c4                __muldf3
 .text          0x00000000000409dc       0xdc d:/mypc/quartus/quartus/nios2eds/bin/gnu/h-x86_64-mingw32/bin/../lib/gcc/nios2-elf/5.3.0\libgcc.a(floatsidf.o)
                0x00000000000409dc                __floatsidf
 .text          0x0000000000040ab8      0x110 d:/mypc/quartus/quartus/nios2eds/bin/gnu/h-x86_64-mingw32/bin/../lib/gcc/nios2-elf/5.3.0\libgcc.a(extendsfdf2.o)
                0x0000000000040ab8                __extendsfdf2
 .text          0x0000000000040bc8      0x1a8 d:/mypc/quartus/quartus/nios2eds/bin/gnu/h-x86_64-mingw32/bin/../lib/gcc/nios2-elf/5.3.0\libgcc.a(truncdfsf2.o)
                0x0000000000040bc8                __truncdfsf2
 .text          0x0000000000040d70       0x64 d:/mypc/quartus/quartus/nios2eds/bin/gnu/h-x86_64-mingw32/bin/../lib/gcc/nios2-elf/5.3.0\libgcc.a(_clzsi2.o)
                0x0000000000040d70                __clzsi2
 .text          0x0000000000040dd4        0x0 d:/mypc/quartus/quartus/nios2eds/bin/gnu/h-x86_64-mingw32/bin/../lib/gcc/nios2-elf/5.3.0\libgcc.a(_clz.o)
 .text          0x0000000000040dd4        0x0 d:/mypc/quartus/quartus/nios2eds/bin/gnu/h-x86_64-mingw32/bin/../lib/gcc/nios2-elf/5.3.0/../../../../../H-x86_64-mingw32/nios2-elf/lib\libc.a(lib_a-printf.o)
 .text._printf_r
                0x0000000000040dd4       0x30 d:/mypc/quartus/quartus/nios2eds/bin/gnu/h-x86_64-mingw32/bin/../lib/gcc/nios2-elf/5.3.0/../../../../../H-x86_64-mingw32/nios2-elf/lib\libc.a(lib_a-printf.o)
                0x0000000000040dd4                _printf_r
 .text.printf   0x0000000000040e04       0x3c d:/mypc/quartus/quartus/nios2eds/bin/gnu/h-x86_64-mingw32/bin/../lib/gcc/nios2-elf/5.3.0/../../../../../H-x86_64-mingw32/nios2-elf/lib\libc.a(lib_a-printf.o)
                0x0000000000040e04                printf
 .text          0x0000000000040e40        0x0 d:/mypc/quartus/quartus/nios2eds/bin/gnu/h-x86_64-mingw32/bin/../lib/gcc/nios2-elf/5.3.0/../../../../../H-x86_64-mingw32/nios2-elf/lib\libc.a(lib_a-puts.o)
 .text._puts_r  0x0000000000040e40       0xc0 d:/mypc/quartus/quartus/nios2eds/bin/gnu/h-x86_64-mingw32/bin/../lib/gcc/nios2-elf/5.3.0/../../../../../H-x86_64-mingw32/nios2-elf/lib\libc.a(lib_a-puts.o)
                0x0000000000040e40                _puts_r
 .text.puts     0x0000000000040f00       0x14 d:/mypc/quartus/quartus/nios2eds/bin/gnu/h-x86_64-mingw32/bin/../lib/gcc/nios2-elf/5.3.0/../../../../../H-x86_64-mingw32/nios2-elf/lib\libc.a(lib_a-puts.o)
                0x0000000000040f00                puts
 .text          0x0000000000040f14        0x0 d:/mypc/quartus/quartus/nios2eds/bin/gnu/h-x86_64-mingw32/bin/../lib/gcc/nios2-elf/5.3.0/../../../../../H-x86_64-mingw32/nios2-elf/lib\libc.a(lib_a-strlen.o)
 .text.strlen   0x0000000000040f14       0x98 d:/mypc/quartus/quartus/nios2eds/bin/gnu/h-x86_64-mingw32/bin/../lib/gcc/nios2-elf/5.3.0/../../../../../H-x86_64-mingw32/nios2-elf/lib\libc.a(lib_a-strlen.o)
                0x0000000000040f14                strlen
 .text          0x0000000000040fac        0x0 d:/mypc/quartus/quartus/nios2eds/bin/gnu/h-x86_64-mingw32/bin/../lib/gcc/nios2-elf/5.3.0/../../../../../H-x86_64-mingw32/nios2-elf/lib\libc.a(lib_a-vfprintf.o)
 .text.___vfprintf_internal_r
                0x0000000000040fac     0x21f8 d:/mypc/quartus/quartus/nios2eds/bin/gnu/h-x86_64-mingw32/bin/../lib/gcc/nios2-elf/5.3.0/../../../../../H-x86_64-mingw32/nios2-elf/lib\libc.a(lib_a-vfprintf.o)
                0x0000000000040fac                ___vfprintf_internal_r
 .text.__vfprintf_internal
                0x00000000000431a4       0x1c d:/mypc/quartus/quartus/nios2eds/bin/gnu/h-x86_64-mingw32/bin/../lib/gcc/nios2-elf/5.3.0/../../../../../H-x86_64-mingw32/nios2-elf/lib\libc.a(lib_a-vfprintf.o)
                0x00000000000431a4                __vfprintf_internal
 .text.__sbprintf
                0x00000000000431c0       0xbc d:/mypc/quartus/quartus/nios2eds/bin/gnu/h-x86_64-mingw32/bin/../lib/gcc/nios2-elf/5.3.0/../../../../../H-x86_64-mingw32/nios2-elf/lib\libc.a(lib_a-vfprintf.o)
 .text          0x000000000004327c        0x0 d:/mypc/quartus/quartus/nios2eds/bin/gnu/h-x86_64-mingw32/bin/../lib/gcc/nios2-elf/5.3.0/../../../../../H-x86_64-mingw32/nios2-elf/lib\libc.a(lib_a-wsetup.o)
 .text.__swsetup_r
                0x000000000004327c      0x154 d:/mypc/quartus/quartus/nios2eds/bin/gnu/h-x86_64-mingw32/bin/../lib/gcc/nios2-elf/5.3.0/../../../../../H-x86_64-mingw32/nios2-elf/lib\libc.a(lib_a-wsetup.o)
                0x000000000004327c                __swsetup_r
 .text          0x00000000000433d0        0x0 d:/mypc/quartus/quartus/nios2eds/bin/gnu/h-x86_64-mingw32/bin/../lib/gcc/nios2-elf/5.3.0/../../../../../H-x86_64-mingw32/nios2-elf/lib\libc.a(lib_a-dtoa.o)
 .text.quorem   0x00000000000433d0      0x200 d:/mypc/quartus/quartus/nios2eds/bin/gnu/h-x86_64-mingw32/bin/../lib/gcc/nios2-elf/5.3.0/../../../../../H-x86_64-mingw32/nios2-elf/lib\libc.a(lib_a-dtoa.o)
 .text._dtoa_r  0x00000000000435d0     0x1688 d:/mypc/quartus/quartus/nios2eds/bin/gnu/h-x86_64-mingw32/bin/../lib/gcc/nios2-elf/5.3.0/../../../../../H-x86_64-mingw32/nios2-elf/lib\libc.a(lib_a-dtoa.o)
                0x00000000000435d0                _dtoa_r
 .text          0x0000000000044c58        0x0 d:/mypc/quartus/quartus/nios2eds/bin/gnu/h-x86_64-mingw32/bin/../lib/gcc/nios2-elf/5.3.0/../../../../../H-x86_64-mingw32/nios2-elf/lib\libc.a(lib_a-fflush.o)
 .text.__sflush_r
                0x0000000000044c58      0x21c d:/mypc/quartus/quartus/nios2eds/bin/gnu/h-x86_64-mingw32/bin/../lib/gcc/nios2-elf/5.3.0/../../../../../H-x86_64-mingw32/nios2-elf/lib\libc.a(lib_a-fflush.o)
                0x0000000000044c58                __sflush_r
 .text._fflush_r
                0x0000000000044e74       0x5c d:/mypc/quartus/quartus/nios2eds/bin/gnu/h-x86_64-mingw32/bin/../lib/gcc/nios2-elf/5.3.0/../../../../../H-x86_64-mingw32/nios2-elf/lib\libc.a(lib_a-fflush.o)
                0x0000000000044e74                _fflush_r
 .text.fflush   0x0000000000044ed0       0x30 d:/mypc/quartus/quartus/nios2eds/bin/gnu/h-x86_64-mingw32/bin/../lib/gcc/nios2-elf/5.3.0/../../../../../H-x86_64-mingw32/nios2-elf/lib\libc.a(lib_a-fflush.o)
                0x0000000000044ed0                fflush
 .text          0x0000000000044f00        0x0 d:/mypc/quartus/quartus/nios2eds/bin/gnu/h-x86_64-mingw32/bin/../lib/gcc/nios2-elf/5.3.0/../../../../../H-x86_64-mingw32/nios2-elf/lib\libc.a(lib_a-findfp.o)
 .text.__fp_unlock
                0x0000000000044f00        0x8 d:/mypc/quartus/quartus/nios2eds/bin/gnu/h-x86_64-mingw32/bin/../lib/gcc/nios2-elf/5.3.0/../../../../../H-x86_64-mingw32/nios2-elf/lib\libc.a(lib_a-findfp.o)
 .text._cleanup_r
                0x0000000000044f08        0xc d:/mypc/quartus/quartus/nios2eds/bin/gnu/h-x86_64-mingw32/bin/../lib/gcc/nios2-elf/5.3.0/../../../../../H-x86_64-mingw32/nios2-elf/lib\libc.a(lib_a-findfp.o)
                0x0000000000044f08                _cleanup_r
 .text.__sinit.part.1
                0x0000000000044f14      0x19c d:/mypc/quartus/quartus/nios2eds/bin/gnu/h-x86_64-mingw32/bin/../lib/gcc/nios2-elf/5.3.0/../../../../../H-x86_64-mingw32/nios2-elf/lib\libc.a(lib_a-findfp.o)
 .text.__fp_lock
                0x00000000000450b0        0x8 d:/mypc/quartus/quartus/nios2eds/bin/gnu/h-x86_64-mingw32/bin/../lib/gcc/nios2-elf/5.3.0/../../../../../H-x86_64-mingw32/nios2-elf/lib\libc.a(lib_a-findfp.o)
 .text.__sfmoreglue
                0x00000000000450b8       0x68 d:/mypc/quartus/quartus/nios2eds/bin/gnu/h-x86_64-mingw32/bin/../lib/gcc/nios2-elf/5.3.0/../../../../../H-x86_64-mingw32/nios2-elf/lib\libc.a(lib_a-findfp.o)
                0x00000000000450b8                __sfmoreglue
 .text.__sfp    0x0000000000045120      0x118 d:/mypc/quartus/quartus/nios2eds/bin/gnu/h-x86_64-mingw32/bin/../lib/gcc/nios2-elf/5.3.0/../../../../../H-x86_64-mingw32/nios2-elf/lib\libc.a(lib_a-findfp.o)
                0x0000000000045120                __sfp
 .text._cleanup
                0x0000000000045238       0x18 d:/mypc/quartus/quartus/nios2eds/bin/gnu/h-x86_64-mingw32/bin/../lib/gcc/nios2-elf/5.3.0/../../../../../H-x86_64-mingw32/nios2-elf/lib\libc.a(lib_a-findfp.o)
                0x0000000000045238                _cleanup
 .text.__sinit  0x0000000000045250       0x10 d:/mypc/quartus/quartus/nios2eds/bin/gnu/h-x86_64-mingw32/bin/../lib/gcc/nios2-elf/5.3.0/../../../../../H-x86_64-mingw32/nios2-elf/lib\libc.a(lib_a-findfp.o)
                0x0000000000045250                __sinit
 .text.__sfp_lock_acquire
                0x0000000000045260        0x4 d:/mypc/quartus/quartus/nios2eds/bin/gnu/h-x86_64-mingw32/bin/../lib/gcc/nios2-elf/5.3.0/../../../../../H-x86_64-mingw32/nios2-elf/lib\libc.a(lib_a-findfp.o)
                0x0000000000045260                __sfp_lock_acquire
 .text.__sfp_lock_release
                0x0000000000045264        0x4 d:/mypc/quartus/quartus/nios2eds/bin/gnu/h-x86_64-mingw32/bin/../lib/gcc/nios2-elf/5.3.0/../../../../../H-x86_64-mingw32/nios2-elf/lib\libc.a(lib_a-findfp.o)
                0x0000000000045264                __sfp_lock_release
 .text.__sinit_lock_acquire
                0x0000000000045268        0x4 d:/mypc/quartus/quartus/nios2eds/bin/gnu/h-x86_64-mingw32/bin/../lib/gcc/nios2-elf/5.3.0/../../../../../H-x86_64-mingw32/nios2-elf/lib\libc.a(lib_a-findfp.o)
                0x0000000000045268                __sinit_lock_acquire
 .text.__sinit_lock_release
                0x000000000004526c        0x4 d:/mypc/quartus/quartus/nios2eds/bin/gnu/h-x86_64-mingw32/bin/../lib/gcc/nios2-elf/5.3.0/../../../../../H-x86_64-mingw32/nios2-elf/lib\libc.a(lib_a-findfp.o)
                0x000000000004526c                __sinit_lock_release
 .text.__fp_lock_all
                0x0000000000045270       0x18 d:/mypc/quartus/quartus/nios2eds/bin/gnu/h-x86_64-mingw32/bin/../lib/gcc/nios2-elf/5.3.0/../../../../../H-x86_64-mingw32/nios2-elf/lib\libc.a(lib_a-findfp.o)
                0x0000000000045270                __fp_lock_all
 .text.__fp_unlock_all
                0x0000000000045288       0x18 d:/mypc/quartus/quartus/nios2eds/bin/gnu/h-x86_64-mingw32/bin/../lib/gcc/nios2-elf/5.3.0/../../../../../H-x86_64-mingw32/nios2-elf/lib\libc.a(lib_a-findfp.o)
                0x0000000000045288                __fp_unlock_all
 .text          0x00000000000452a0        0x0 d:/mypc/quartus/quartus/nios2eds/bin/gnu/h-x86_64-mingw32/bin/../lib/gcc/nios2-elf/5.3.0/../../../../../H-x86_64-mingw32/nios2-elf/lib\libc.a(lib_a-freer.o)
 .text._malloc_trim_r
                0x00000000000452a0      0x124 d:/mypc/quartus/quartus/nios2eds/bin/gnu/h-x86_64-mingw32/bin/../lib/gcc/nios2-elf/5.3.0/../../../../../H-x86_64-mingw32/nios2-elf/lib\libc.a(lib_a-freer.o)
                0x00000000000452a0                _malloc_trim_r
 .text._free_r  0x00000000000453c4      0x310 d:/mypc/quartus/quartus/nios2eds/bin/gnu/h-x86_64-mingw32/bin/../lib/gcc/nios2-elf/5.3.0/../../../../../H-x86_64-mingw32/nios2-elf/lib\libc.a(lib_a-freer.o)
                0x00000000000453c4                _free_r
 .text          0x00000000000456d4        0x0 d:/mypc/quartus/quartus/nios2eds/bin/gnu/h-x86_64-mingw32/bin/../lib/gcc/nios2-elf/5.3.0/../../../../../H-x86_64-mingw32/nios2-elf/lib\libc.a(lib_a-fvwrite.o)
 .text.__sfvwrite_r
                0x00000000000456d4      0x4bc d:/mypc/quartus/quartus/nios2eds/bin/gnu/h-x86_64-mingw32/bin/../lib/gcc/nios2-elf/5.3.0/../../../../../H-x86_64-mingw32/nios2-elf/lib\libc.a(lib_a-fvwrite.o)
                0x00000000000456d4                __sfvwrite_r
 .text          0x0000000000045b90        0x0 d:/mypc/quartus/quartus/nios2eds/bin/gnu/h-x86_64-mingw32/bin/../lib/gcc/nios2-elf/5.3.0/../../../../../H-x86_64-mingw32/nios2-elf/lib\libc.a(lib_a-fwalk.o)
 .text._fwalk   0x0000000000045b90       0xc4 d:/mypc/quartus/quartus/nios2eds/bin/gnu/h-x86_64-mingw32/bin/../lib/gcc/nios2-elf/5.3.0/../../../../../H-x86_64-mingw32/nios2-elf/lib\libc.a(lib_a-fwalk.o)
                0x0000000000045b90                _fwalk
 .text._fwalk_reent
                0x0000000000045c54       0xc4 d:/mypc/quartus/quartus/nios2eds/bin/gnu/h-x86_64-mingw32/bin/../lib/gcc/nios2-elf/5.3.0/../../../../../H-x86_64-mingw32/nios2-elf/lib\libc.a(lib_a-fwalk.o)
                0x0000000000045c54                _fwalk_reent
 .text          0x0000000000045d18        0x0 d:/mypc/quartus/quartus/nios2eds/bin/gnu/h-x86_64-mingw32/bin/../lib/gcc/nios2-elf/5.3.0/../../../../../H-x86_64-mingw32/nios2-elf/lib\libc.a(lib_a-impure.o)
 .text          0x0000000000045d18        0x0 d:/mypc/quartus/quartus/nios2eds/bin/gnu/h-x86_64-mingw32/bin/../lib/gcc/nios2-elf/5.3.0/../../../../../H-x86_64-mingw32/nios2-elf/lib\libc.a(lib_a-locale.o)
 .text._setlocale_r
                0x0000000000045d18       0x7c d:/mypc/quartus/quartus/nios2eds/bin/gnu/h-x86_64-mingw32/bin/../lib/gcc/nios2-elf/5.3.0/../../../../../H-x86_64-mingw32/nios2-elf/lib\libc.a(lib_a-locale.o)
                0x0000000000045d18                _setlocale_r
 .text.__locale_charset
                0x0000000000045d94        0xc d:/mypc/quartus/quartus/nios2eds/bin/gnu/h-x86_64-mingw32/bin/../lib/gcc/nios2-elf/5.3.0/../../../../../H-x86_64-mingw32/nios2-elf/lib\libc.a(lib_a-locale.o)
                0x0000000000045d94                __locale_charset
 .text.__locale_mb_cur_max
                0x0000000000045da0       0x10 d:/mypc/quartus/quartus/nios2eds/bin/gnu/h-x86_64-mingw32/bin/../lib/gcc/nios2-elf/5.3.0/../../../../../H-x86_64-mingw32/nios2-elf/lib\libc.a(lib_a-locale.o)
                0x0000000000045da0                __locale_mb_cur_max
 .text.__locale_msgcharset
                0x0000000000045db0        0xc d:/mypc/quartus/quartus/nios2eds/bin/gnu/h-x86_64-mingw32/bin/../lib/gcc/nios2-elf/5.3.0/../../../../../H-x86_64-mingw32/nios2-elf/lib\libc.a(lib_a-locale.o)
                0x0000000000045db0                __locale_msgcharset
 .text.__locale_cjk_lang
                0x0000000000045dbc        0x8 d:/mypc/quartus/quartus/nios2eds/bin/gnu/h-x86_64-mingw32/bin/../lib/gcc/nios2-elf/5.3.0/../../../../../H-x86_64-mingw32/nios2-elf/lib\libc.a(lib_a-locale.o)
                0x0000000000045dbc                __locale_cjk_lang
 .text._localeconv_r
                0x0000000000045dc4        0xc d:/mypc/quartus/quartus/nios2eds/bin/gnu/h-x86_64-mingw32/bin/../lib/gcc/nios2-elf/5.3.0/../../../../../H-x86_64-mingw32/nios2-elf/lib\libc.a(lib_a-locale.o)
                0x0000000000045dc4                _localeconv_r
 .text.setlocale
                0x0000000000045dd0       0x18 d:/mypc/quartus/quartus/nios2eds/bin/gnu/h-x86_64-mingw32/bin/../lib/gcc/nios2-elf/5.3.0/../../../../../H-x86_64-mingw32/nios2-elf/lib\libc.a(lib_a-locale.o)
                0x0000000000045dd0                setlocale
 .text.localeconv
                0x0000000000045de8        0xc d:/mypc/quartus/quartus/nios2eds/bin/gnu/h-x86_64-mingw32/bin/../lib/gcc/nios2-elf/5.3.0/../../../../../H-x86_64-mingw32/nios2-elf/lib\libc.a(lib_a-locale.o)
                0x0000000000045de8                localeconv
 .text          0x0000000000045df4        0x0 d:/mypc/quartus/quartus/nios2eds/bin/gnu/h-x86_64-mingw32/bin/../lib/gcc/nios2-elf/5.3.0/../../../../../H-x86_64-mingw32/nios2-elf/lib\libc.a(lib_a-makebuf.o)
 .text.__smakebuf_r
                0x0000000000045df4      0x1bc d:/mypc/quartus/quartus/nios2eds/bin/gnu/h-x86_64-mingw32/bin/../lib/gcc/nios2-elf/5.3.0/../../../../../H-x86_64-mingw32/nios2-elf/lib\libc.a(lib_a-makebuf.o)
                0x0000000000045df4                __smakebuf_r
 .text          0x0000000000045fb0        0x0 d:/mypc/quartus/quartus/nios2eds/bin/gnu/h-x86_64-mingw32/bin/../lib/gcc/nios2-elf/5.3.0/../../../../../H-x86_64-mingw32/nios2-elf/lib\libc.a(lib_a-mallocr.o)
 .text._malloc_r
                0x0000000000045fb0      0x80c d:/mypc/quartus/quartus/nios2eds/bin/gnu/h-x86_64-mingw32/bin/../lib/gcc/nios2-elf/5.3.0/../../../../../H-x86_64-mingw32/nios2-elf/lib\libc.a(lib_a-mallocr.o)
                0x0000000000045fb0                _malloc_r
 .text          0x00000000000467bc        0x0 d:/mypc/quartus/quartus/nios2eds/bin/gnu/h-x86_64-mingw32/bin/../lib/gcc/nios2-elf/5.3.0/../../../../../H-x86_64-mingw32/nios2-elf/lib\libc.a(lib_a-memchr.o)
 .text.memchr   0x00000000000467bc       0xe4 d:/mypc/quartus/quartus/nios2eds/bin/gnu/h-x86_64-mingw32/bin/../lib/gcc/nios2-elf/5.3.0/../../../../../H-x86_64-mingw32/nios2-elf/lib\libc.a(lib_a-memchr.o)
                0x00000000000467bc                memchr
 .text          0x00000000000468a0        0x0 d:/mypc/quartus/quartus/nios2eds/bin/gnu/h-x86_64-mingw32/bin/../lib/gcc/nios2-elf/5.3.0/../../../../../H-x86_64-mingw32/nios2-elf/lib\libc.a(lib_a-memcpy.o)
 .text.memcpy   0x00000000000468a0      0x148 d:/mypc/quartus/quartus/nios2eds/bin/gnu/h-x86_64-mingw32/bin/../lib/gcc/nios2-elf/5.3.0/../../../../../H-x86_64-mingw32/nios2-elf/lib\libc.a(lib_a-memcpy.o)
                0x00000000000468a0                memcpy
 .text          0x00000000000469e8        0x0 d:/mypc/quartus/quartus/nios2eds/bin/gnu/h-x86_64-mingw32/bin/../lib/gcc/nios2-elf/5.3.0/../../../../../H-x86_64-mingw32/nios2-elf/lib\libc.a(lib_a-memmove.o)
 .text.memmove  0x00000000000469e8      0x15c d:/mypc/quartus/quartus/nios2eds/bin/gnu/h-x86_64-mingw32/bin/../lib/gcc/nios2-elf/5.3.0/../../../../../H-x86_64-mingw32/nios2-elf/lib\libc.a(lib_a-memmove.o)
                0x00000000000469e8                memmove
 .text          0x0000000000046b44        0x0 d:/mypc/quartus/quartus/nios2eds/bin/gnu/h-x86_64-mingw32/bin/../lib/gcc/nios2-elf/5.3.0/../../../../../H-x86_64-mingw32/nios2-elf/lib\libc.a(lib_a-memset.o)
 .text.memset   0x0000000000046b44      0x128 d:/mypc/quartus/quartus/nios2eds/bin/gnu/h-x86_64-mingw32/bin/../lib/gcc/nios2-elf/5.3.0/../../../../../H-x86_64-mingw32/nios2-elf/lib\libc.a(lib_a-memset.o)
                0x0000000000046b44                memset
 .text          0x0000000000046c6c        0x0 d:/mypc/quartus/quartus/nios2eds/bin/gnu/h-x86_64-mingw32/bin/../lib/gcc/nios2-elf/5.3.0/../../../../../H-x86_64-mingw32/nios2-elf/lib\libc.a(lib_a-mprec.o)
 .text._Balloc  0x0000000000046c6c       0xa8 d:/mypc/quartus/quartus/nios2eds/bin/gnu/h-x86_64-mingw32/bin/../lib/gcc/nios2-elf/5.3.0/../../../../../H-x86_64-mingw32/nios2-elf/lib\libc.a(lib_a-mprec.o)
                0x0000000000046c6c                _Balloc
 .text._Bfree   0x0000000000046d14       0x28 d:/mypc/quartus/quartus/nios2eds/bin/gnu/h-x86_64-mingw32/bin/../lib/gcc/nios2-elf/5.3.0/../../../../../H-x86_64-mingw32/nios2-elf/lib\libc.a(lib_a-mprec.o)
                0x0000000000046d14                _Bfree
 .text.__multadd
                0x0000000000046d3c      0x120 d:/mypc/quartus/quartus/nios2eds/bin/gnu/h-x86_64-mingw32/bin/../lib/gcc/nios2-elf/5.3.0/../../../../../H-x86_64-mingw32/nios2-elf/lib\libc.a(lib_a-mprec.o)
                0x0000000000046d3c                __multadd
 .text.__s2b    0x0000000000046e5c      0x104 d:/mypc/quartus/quartus/nios2eds/bin/gnu/h-x86_64-mingw32/bin/../lib/gcc/nios2-elf/5.3.0/../../../../../H-x86_64-mingw32/nios2-elf/lib\libc.a(lib_a-mprec.o)
                0x0000000000046e5c                __s2b
 .text.__hi0bits
                0x0000000000046f60       0x68 d:/mypc/quartus/quartus/nios2eds/bin/gnu/h-x86_64-mingw32/bin/../lib/gcc/nios2-elf/5.3.0/../../../../../H-x86_64-mingw32/nios2-elf/lib\libc.a(lib_a-mprec.o)
                0x0000000000046f60                __hi0bits
 .text.__lo0bits
                0x0000000000046fc8       0xb0 d:/mypc/quartus/quartus/nios2eds/bin/gnu/h-x86_64-mingw32/bin/../lib/gcc/nios2-elf/5.3.0/../../../../../H-x86_64-mingw32/nios2-elf/lib\libc.a(lib_a-mprec.o)
                0x0000000000046fc8                __lo0bits
 .text.__i2b    0x0000000000047078       0x3c d:/mypc/quartus/quartus/nios2eds/bin/gnu/h-x86_64-mingw32/bin/../lib/gcc/nios2-elf/5.3.0/../../../../../H-x86_64-mingw32/nios2-elf/lib\libc.a(lib_a-mprec.o)
                0x0000000000047078                __i2b
 .text.__multiply
                0x00000000000470b4      0x1f8 d:/mypc/quartus/quartus/nios2eds/bin/gnu/h-x86_64-mingw32/bin/../lib/gcc/nios2-elf/5.3.0/../../../../../H-x86_64-mingw32/nios2-elf/lib\libc.a(lib_a-mprec.o)
                0x00000000000470b4                __multiply
 .text.__pow5mult
                0x00000000000472ac      0x140 d:/mypc/quartus/quartus/nios2eds/bin/gnu/h-x86_64-mingw32/bin/../lib/gcc/nios2-elf/5.3.0/../../../../../H-x86_64-mingw32/nios2-elf/lib\libc.a(lib_a-mprec.o)
                0x00000000000472ac                __pow5mult
 .text.__lshift
                0x00000000000473ec      0x148 d:/mypc/quartus/quartus/nios2eds/bin/gnu/h-x86_64-mingw32/bin/../lib/gcc/nios2-elf/5.3.0/../../../../../H-x86_64-mingw32/nios2-elf/lib\libc.a(lib_a-mprec.o)
                0x00000000000473ec                __lshift
 .text.__mcmp   0x0000000000047534       0x60 d:/mypc/quartus/quartus/nios2eds/bin/gnu/h-x86_64-mingw32/bin/../lib/gcc/nios2-elf/5.3.0/../../../../../H-x86_64-mingw32/nios2-elf/lib\libc.a(lib_a-mprec.o)
                0x0000000000047534                __mcmp
 .text.__mdiff  0x0000000000047594      0x1fc d:/mypc/quartus/quartus/nios2eds/bin/gnu/h-x86_64-mingw32/bin/../lib/gcc/nios2-elf/5.3.0/../../../../../H-x86_64-mingw32/nios2-elf/lib\libc.a(lib_a-mprec.o)
                0x0000000000047594                __mdiff
 .text.__ulp    0x0000000000047790       0x64 d:/mypc/quartus/quartus/nios2eds/bin/gnu/h-x86_64-mingw32/bin/../lib/gcc/nios2-elf/5.3.0/../../../../../H-x86_64-mingw32/nios2-elf/lib\libc.a(lib_a-mprec.o)
                0x0000000000047790                __ulp
 .text.__b2d    0x00000000000477f4      0x10c d:/mypc/quartus/quartus/nios2eds/bin/gnu/h-x86_64-mingw32/bin/../lib/gcc/nios2-elf/5.3.0/../../../../../H-x86_64-mingw32/nios2-elf/lib\libc.a(lib_a-mprec.o)
                0x00000000000477f4                __b2d
 .text.__d2b    0x0000000000047900      0x14c d:/mypc/quartus/quartus/nios2eds/bin/gnu/h-x86_64-mingw32/bin/../lib/gcc/nios2-elf/5.3.0/../../../../../H-x86_64-mingw32/nios2-elf/lib\libc.a(lib_a-mprec.o)
                0x0000000000047900                __d2b
 .text.__ratio  0x0000000000047a4c       0xa4 d:/mypc/quartus/quartus/nios2eds/bin/gnu/h-x86_64-mingw32/bin/../lib/gcc/nios2-elf/5.3.0/../../../../../H-x86_64-mingw32/nios2-elf/lib\libc.a(lib_a-mprec.o)
                0x0000000000047a4c                __ratio
 .text._mprec_log10
                0x0000000000047af0       0x74 d:/mypc/quartus/quartus/nios2eds/bin/gnu/h-x86_64-mingw32/bin/../lib/gcc/nios2-elf/5.3.0/../../../../../H-x86_64-mingw32/nios2-elf/lib\libc.a(lib_a-mprec.o)
                0x0000000000047af0                _mprec_log10
 .text.__copybits
                0x0000000000047b64       0x78 d:/mypc/quartus/quartus/nios2eds/bin/gnu/h-x86_64-mingw32/bin/../lib/gcc/nios2-elf/5.3.0/../../../../../H-x86_64-mingw32/nios2-elf/lib\libc.a(lib_a-mprec.o)
                0x0000000000047b64                __copybits
 .text.__any_on
                0x0000000000047bdc       0x8c d:/mypc/quartus/quartus/nios2eds/bin/gnu/h-x86_64-mingw32/bin/../lib/gcc/nios2-elf/5.3.0/../../../../../H-x86_64-mingw32/nios2-elf/lib\libc.a(lib_a-mprec.o)
                0x0000000000047bdc                __any_on
 .text          0x0000000000047c68        0x0 d:/mypc/quartus/quartus/nios2eds/bin/gnu/h-x86_64-mingw32/bin/../lib/gcc/nios2-elf/5.3.0/../../../../../H-x86_64-mingw32/nios2-elf/lib\libc.a(lib_a-reallocr.o)
 .text._realloc_r
                0x0000000000047c68      0x564 d:/mypc/quartus/quartus/nios2eds/bin/gnu/h-x86_64-mingw32/bin/../lib/gcc/nios2-elf/5.3.0/../../../../../H-x86_64-mingw32/nios2-elf/lib\libc.a(lib_a-reallocr.o)
                0x0000000000047c68                _realloc_r
 .text          0x00000000000481cc        0x0 d:/mypc/quartus/quartus/nios2eds/bin/gnu/h-x86_64-mingw32/bin/../lib/gcc/nios2-elf/5.3.0/../../../../../H-x86_64-mingw32/nios2-elf/lib\libc.a(lib_a-s_fpclassify.o)
 .text.__fpclassifyd
                0x00000000000481cc       0x74 d:/mypc/quartus/quartus/nios2eds/bin/gnu/h-x86_64-mingw32/bin/../lib/gcc/nios2-elf/5.3.0/../../../../../H-x86_64-mingw32/nios2-elf/lib\libc.a(lib_a-s_fpclassify.o)
                0x00000000000481cc                __fpclassifyd
 .text          0x0000000000048240        0x0 d:/mypc/quartus/quartus/nios2eds/bin/gnu/h-x86_64-mingw32/bin/../lib/gcc/nios2-elf/5.3.0/../../../../../H-x86_64-mingw32/nios2-elf/lib\libc.a(lib_a-sbrkr.o)
 .text._sbrk_r  0x0000000000048240       0x54 d:/mypc/quartus/quartus/nios2eds/bin/gnu/h-x86_64-mingw32/bin/../lib/gcc/nios2-elf/5.3.0/../../../../../H-x86_64-mingw32/nios2-elf/lib\libc.a(lib_a-sbrkr.o)
                0x0000000000048240                _sbrk_r
 .text          0x0000000000048294        0x0 d:/mypc/quartus/quartus/nios2eds/bin/gnu/h-x86_64-mingw32/bin/../lib/gcc/nios2-elf/5.3.0/../../../../../H-x86_64-mingw32/nios2-elf/lib\libc.a(lib_a-stdio.o)
 .text.__sread  0x0000000000048294       0x54 d:/mypc/quartus/quartus/nios2eds/bin/gnu/h-x86_64-mingw32/bin/../lib/gcc/nios2-elf/5.3.0/../../../../../H-x86_64-mingw32/nios2-elf/lib\libc.a(lib_a-stdio.o)
                0x0000000000048294                __sread
 .text.__seofread
                0x00000000000482e8        0x8 d:/mypc/quartus/quartus/nios2eds/bin/gnu/h-x86_64-mingw32/bin/../lib/gcc/nios2-elf/5.3.0/../../../../../H-x86_64-mingw32/nios2-elf/lib\libc.a(lib_a-stdio.o)
                0x00000000000482e8                __seofread
 .text.__swrite
                0x00000000000482f0       0x7c d:/mypc/quartus/quartus/nios2eds/bin/gnu/h-x86_64-mingw32/bin/../lib/gcc/nios2-elf/5.3.0/../../../../../H-x86_64-mingw32/nios2-elf/lib\libc.a(lib_a-stdio.o)
                0x00000000000482f0                __swrite
 .text.__sseek  0x000000000004836c       0x5c d:/mypc/quartus/quartus/nios2eds/bin/gnu/h-x86_64-mingw32/bin/../lib/gcc/nios2-elf/5.3.0/../../../../../H-x86_64-mingw32/nios2-elf/lib\libc.a(lib_a-stdio.o)
                0x000000000004836c                __sseek
 .text.__sclose
                0x00000000000483c8        0x8 d:/mypc/quartus/quartus/nios2eds/bin/gnu/h-x86_64-mingw32/bin/../lib/gcc/nios2-elf/5.3.0/../../../../../H-x86_64-mingw32/nios2-elf/lib\libc.a(lib_a-stdio.o)
                0x00000000000483c8                __sclose
 .text          0x00000000000483d0        0x0 d:/mypc/quartus/quartus/nios2eds/bin/gnu/h-x86_64-mingw32/bin/../lib/gcc/nios2-elf/5.3.0/../../../../../H-x86_64-mingw32/nios2-elf/lib\libc.a(lib_a-strcmp.o)
 .text.strcmp   0x00000000000483d0       0xdc d:/mypc/quartus/quartus/nios2eds/bin/gnu/h-x86_64-mingw32/bin/../lib/gcc/nios2-elf/5.3.0/../../../../../H-x86_64-mingw32/nios2-elf/lib\libc.a(lib_a-strcmp.o)
                0x00000000000483d0                strcmp
 .text          0x00000000000484ac        0x0 d:/mypc/quartus/quartus/nios2eds/bin/gnu/h-x86_64-mingw32/bin/../lib/gcc/nios2-elf/5.3.0/../../../../../H-x86_64-mingw32/nios2-elf/lib\libc.a(lib_a-vfiprintf.o)
 .text.__sprint_r.part.0
                0x00000000000484ac       0xfc d:/mypc/quartus/quartus/nios2eds/bin/gnu/h-x86_64-mingw32/bin/../lib/gcc/nios2-elf/5.3.0/../../../../../H-x86_64-mingw32/nios2-elf/lib\libc.a(lib_a-vfiprintf.o)
 .text.__sprint_r
                0x00000000000485a8       0x18 d:/mypc/quartus/quartus/nios2eds/bin/gnu/h-x86_64-mingw32/bin/../lib/gcc/nios2-elf/5.3.0/../../../../../H-x86_64-mingw32/nios2-elf/lib\libc.a(lib_a-vfiprintf.o)
                0x00000000000485a8                __sprint_r
 .text.___vfiprintf_internal_r
                0x00000000000485c0     0x145c d:/mypc/quartus/quartus/nios2eds/bin/gnu/h-x86_64-mingw32/bin/../lib/gcc/nios2-elf/5.3.0/../../../../../H-x86_64-mingw32/nios2-elf/lib\libc.a(lib_a-vfiprintf.o)
                0x00000000000485c0                ___vfiprintf_internal_r
 .text.__vfiprintf_internal
                0x0000000000049a1c       0x1c d:/mypc/quartus/quartus/nios2eds/bin/gnu/h-x86_64-mingw32/bin/../lib/gcc/nios2-elf/5.3.0/../../../../../H-x86_64-mingw32/nios2-elf/lib\libc.a(lib_a-vfiprintf.o)
                0x0000000000049a1c                __vfiprintf_internal
 .text.__sbprintf
                0x0000000000049a38       0xbc d:/mypc/quartus/quartus/nios2eds/bin/gnu/h-x86_64-mingw32/bin/../lib/gcc/nios2-elf/5.3.0/../../../../../H-x86_64-mingw32/nios2-elf/lib\libc.a(lib_a-vfiprintf.o)
 .text          0x0000000000049af4        0x0 d:/mypc/quartus/quartus/nios2eds/bin/gnu/h-x86_64-mingw32/bin/../lib/gcc/nios2-elf/5.3.0/../../../../../H-x86_64-mingw32/nios2-elf/lib\libc.a(lib_a-writer.o)
 .text._write_r
                0x0000000000049af4       0x60 d:/mypc/quartus/quartus/nios2eds/bin/gnu/h-x86_64-mingw32/bin/../lib/gcc/nios2-elf/5.3.0/../../../../../H-x86_64-mingw32/nios2-elf/lib\libc.a(lib_a-writer.o)
                0x0000000000049af4                _write_r
 .text          0x0000000000049b54        0x0 d:/mypc/quartus/quartus/nios2eds/bin/gnu/h-x86_64-mingw32/bin/../lib/gcc/nios2-elf/5.3.0/../../../../../H-x86_64-mingw32/nios2-elf/lib\libc.a(closer.o)
 .text._close_r
                0x0000000000049b54       0x54 d:/mypc/quartus/quartus/nios2eds/bin/gnu/h-x86_64-mingw32/bin/../lib/gcc/nios2-elf/5.3.0/../../../../../H-x86_64-mingw32/nios2-elf/lib\libc.a(closer.o)
                0x0000000000049b54                _close_r
 .text          0x0000000000049ba8        0x0 d:/mypc/quartus/quartus/nios2eds/bin/gnu/h-x86_64-mingw32/bin/../lib/gcc/nios2-elf/5.3.0/../../../../../H-x86_64-mingw32/nios2-elf/lib\libc.a(lib_a-callocr.o)
 .text._calloc_r
                0x0000000000049ba8       0xc4 d:/mypc/quartus/quartus/nios2eds/bin/gnu/h-x86_64-mingw32/bin/../lib/gcc/nios2-elf/5.3.0/../../../../../H-x86_64-mingw32/nios2-elf/lib\libc.a(lib_a-callocr.o)
                0x0000000000049ba8                _calloc_r
 .text          0x0000000000049c6c        0x0 d:/mypc/quartus/quartus/nios2eds/bin/gnu/h-x86_64-mingw32/bin/../lib/gcc/nios2-elf/5.3.0/../../../../../H-x86_64-mingw32/nios2-elf/lib\libc.a(lib_a-fclose.o)
 .text._fclose_r
                0x0000000000049c6c       0xf0 d:/mypc/quartus/quartus/nios2eds/bin/gnu/h-x86_64-mingw32/bin/../lib/gcc/nios2-elf/5.3.0/../../../../../H-x86_64-mingw32/nios2-elf/lib\libc.a(lib_a-fclose.o)
                0x0000000000049c6c                _fclose_r
 .text.fclose   0x0000000000049d5c       0x14 d:/mypc/quartus/quartus/nios2eds/bin/gnu/h-x86_64-mingw32/bin/../lib/gcc/nios2-elf/5.3.0/../../../../../H-x86_64-mingw32/nios2-elf/lib\libc.a(lib_a-fclose.o)
                0x0000000000049d5c                fclose
 .text          0x0000000000049d70        0x0 d:/mypc/quartus/quartus/nios2eds/bin/gnu/h-x86_64-mingw32/bin/../lib/gcc/nios2-elf/5.3.0/../../../../../H-x86_64-mingw32/nios2-elf/lib\libc.a(lib_a-fputwc.o)
 .text.__fputwc
                0x0000000000049d70      0x164 d:/mypc/quartus/quartus/nios2eds/bin/gnu/h-x86_64-mingw32/bin/../lib/gcc/nios2-elf/5.3.0/../../../../../H-x86_64-mingw32/nios2-elf/lib\libc.a(lib_a-fputwc.o)
                0x0000000000049d70                __fputwc
 .text._fputwc_r
                0x0000000000049ed4       0x24 d:/mypc/quartus/quartus/nios2eds/bin/gnu/h-x86_64-mingw32/bin/../lib/gcc/nios2-elf/5.3.0/../../../../../H-x86_64-mingw32/nios2-elf/lib\libc.a(lib_a-fputwc.o)
                0x0000000000049ed4                _fputwc_r
 .text.fputwc   0x0000000000049ef8       0x80 d:/mypc/quartus/quartus/nios2eds/bin/gnu/h-x86_64-mingw32/bin/../lib/gcc/nios2-elf/5.3.0/../../../../../H-x86_64-mingw32/nios2-elf/lib\libc.a(lib_a-fputwc.o)
                0x0000000000049ef8                fputwc
 .text          0x0000000000049f78        0x0 d:/mypc/quartus/quartus/nios2eds/bin/gnu/h-x86_64-mingw32/bin/../lib/gcc/nios2-elf/5.3.0/../../../../../H-x86_64-mingw32/nios2-elf/lib\libc.a(lib_a-fstatr.o)
 .text._fstat_r
                0x0000000000049f78       0x5c d:/mypc/quartus/quartus/nios2eds/bin/gnu/h-x86_64-mingw32/bin/../lib/gcc/nios2-elf/5.3.0/../../../../../H-x86_64-mingw32/nios2-elf/lib\libc.a(lib_a-fstatr.o)
                0x0000000000049f78                _fstat_r
 .text          0x0000000000049fd4        0x0 d:/mypc/quartus/quartus/nios2eds/bin/gnu/h-x86_64-mingw32/bin/../lib/gcc/nios2-elf/5.3.0/../../../../../H-x86_64-mingw32/nios2-elf/lib\libc.a(lib_a-int_errno.o)
 .text          0x0000000000049fd4        0x0 d:/mypc/quartus/quartus/nios2eds/bin/gnu/h-x86_64-mingw32/bin/../lib/gcc/nios2-elf/5.3.0/../../../../../H-x86_64-mingw32/nios2-elf/lib\libc.a(lib_a-isattyr.o)
 .text._isatty_r
                0x0000000000049fd4       0x54 d:/mypc/quartus/quartus/nios2eds/bin/gnu/h-x86_64-mingw32/bin/../lib/gcc/nios2-elf/5.3.0/../../../../../H-x86_64-mingw32/nios2-elf/lib\libc.a(lib_a-isattyr.o)
                0x0000000000049fd4                _isatty_r
 .text          0x000000000004a028        0x0 d:/mypc/quartus/quartus/nios2eds/bin/gnu/h-x86_64-mingw32/bin/../lib/gcc/nios2-elf/5.3.0/../../../../../H-x86_64-mingw32/nios2-elf/lib\libc.a(lib_a-lseekr.o)
 .text._lseek_r
                0x000000000004a028       0x60 d:/mypc/quartus/quartus/nios2eds/bin/gnu/h-x86_64-mingw32/bin/../lib/gcc/nios2-elf/5.3.0/../../../../../H-x86_64-mingw32/nios2-elf/lib\libc.a(lib_a-lseekr.o)
                0x000000000004a028                _lseek_r
 .text          0x000000000004a088        0x0 d:/mypc/quartus/quartus/nios2eds/bin/gnu/h-x86_64-mingw32/bin/../lib/gcc/nios2-elf/5.3.0/../../../../../H-x86_64-mingw32/nios2-elf/lib\libc.a(lib_a-readr.o)
 .text._read_r  0x000000000004a088       0x60 d:/mypc/quartus/quartus/nios2eds/bin/gnu/h-x86_64-mingw32/bin/../lib/gcc/nios2-elf/5.3.0/../../../../../H-x86_64-mingw32/nios2-elf/lib\libc.a(lib_a-readr.o)
                0x000000000004a088                _read_r
 .text          0x000000000004a0e8        0x0 d:/mypc/quartus/quartus/nios2eds/bin/gnu/h-x86_64-mingw32/bin/../lib/gcc/nios2-elf/5.3.0/../../../../../H-x86_64-mingw32/nios2-elf/lib\libc.a(lib_a-wbuf.o)
 .text.__swbuf_r
                0x000000000004a0e8      0x140 d:/mypc/quartus/quartus/nios2eds/bin/gnu/h-x86_64-mingw32/bin/../lib/gcc/nios2-elf/5.3.0/../../../../../H-x86_64-mingw32/nios2-elf/lib\libc.a(lib_a-wbuf.o)
                0x000000000004a0e8                __swbuf_r
 .text.__swbuf  0x000000000004a228       0x18 d:/mypc/quartus/quartus/nios2eds/bin/gnu/h-x86_64-mingw32/bin/../lib/gcc/nios2-elf/5.3.0/../../../../../H-x86_64-mingw32/nios2-elf/lib\libc.a(lib_a-wbuf.o)
                0x000000000004a228                __swbuf
 .text          0x000000000004a240        0x0 d:/mypc/quartus/quartus/nios2eds/bin/gnu/h-x86_64-mingw32/bin/../lib/gcc/nios2-elf/5.3.0/../../../../../H-x86_64-mingw32/nios2-elf/lib\libc.a(lib_a-wcrtomb.o)
 .text._wcrtomb_r
                0x000000000004a240       0x9c d:/mypc/quartus/quartus/nios2eds/bin/gnu/h-x86_64-mingw32/bin/../lib/gcc/nios2-elf/5.3.0/../../../../../H-x86_64-mingw32/nios2-elf/lib\libc.a(lib_a-wcrtomb.o)
                0x000000000004a240                _wcrtomb_r
 .text.wcrtomb  0x000000000004a2dc       0xc0 d:/mypc/quartus/quartus/nios2eds/bin/gnu/h-x86_64-mingw32/bin/../lib/gcc/nios2-elf/5.3.0/../../../../../H-x86_64-mingw32/nios2-elf/lib\libc.a(lib_a-wcrtomb.o)
                0x000000000004a2dc                wcrtomb
 .text          0x000000000004a39c        0x0 d:/mypc/quartus/quartus/nios2eds/bin/gnu/h-x86_64-mingw32/bin/../lib/gcc/nios2-elf/5.3.0/../../../../../H-x86_64-mingw32/nios2-elf/lib\libc.a(lib_a-wctomb_r.o)
 .text.__ascii_wctomb
                0x000000000004a39c       0x30 d:/mypc/quartus/quartus/nios2eds/bin/gnu/h-x86_64-mingw32/bin/../lib/gcc/nios2-elf/5.3.0/../../../../../H-x86_64-mingw32/nios2-elf/lib\libc.a(lib_a-wctomb_r.o)
                0x000000000004a39c                __ascii_wctomb
 .text._wctomb_r
                0x000000000004a3cc       0x5c d:/mypc/quartus/quartus/nios2eds/bin/gnu/h-x86_64-mingw32/bin/../lib/gcc/nios2-elf/5.3.0/../../../../../H-x86_64-mingw32/nios2-elf/lib\libc.a(lib_a-wctomb_r.o)
                0x000000000004a3cc                _wctomb_r
 .text          0x000000000004a428      0x578 d:/mypc/quartus/quartus/nios2eds/bin/gnu/h-x86_64-mingw32/bin/../lib/gcc/nios2-elf/5.3.0\libgcc.a(_udivdi3.o)
                0x000000000004a428                __udivdi3
 .text          0x000000000004a9a0      0x538 d:/mypc/quartus/quartus/nios2eds/bin/gnu/h-x86_64-mingw32/bin/../lib/gcc/nios2-elf/5.3.0\libgcc.a(_umoddi3.o)
                0x000000000004a9a0                __umoddi3
 .text          0x000000000004aed8      0x1b4 d:/mypc/quartus/quartus/nios2eds/bin/gnu/h-x86_64-mingw32/bin/../lib/gcc/nios2-elf/5.3.0\libgcc.a(lib2-divmod.o)
                0x000000000004aed8                __divsi3
                0x000000000004af5c                __modsi3
                0x000000000004afd0                __udivsi3
                0x000000000004b034                __umodsi3
 .text          0x000000000004b08c      0x8ac d:/mypc/quartus/quartus/nios2eds/bin/gnu/h-x86_64-mingw32/bin/../lib/gcc/nios2-elf/5.3.0\libgcc.a(adddf3.o)
                0x000000000004b08c                __adddf3
 .text          0x000000000004b938      0x8e8 d:/mypc/quartus/quartus/nios2eds/bin/gnu/h-x86_64-mingw32/bin/../lib/gcc/nios2-elf/5.3.0\libgcc.a(divdf3.o)
                0x000000000004b938                __divdf3
 .text          0x000000000004c220       0x88 d:/mypc/quartus/quartus/nios2eds/bin/gnu/h-x86_64-mingw32/bin/../lib/gcc/nios2-elf/5.3.0\libgcc.a(eqdf2.o)
                0x000000000004c220                __nedf2
                0x000000000004c220                __eqdf2
 .text          0x000000000004c2a8       0xdc d:/mypc/quartus/quartus/nios2eds/bin/gnu/h-x86_64-mingw32/bin/../lib/gcc/nios2-elf/5.3.0\libgcc.a(gedf2.o)
                0x000000000004c2a8                __gedf2
                0x000000000004c2a8                __gtdf2
 .text          0x000000000004c384       0xf4 d:/mypc/quartus/quartus/nios2eds/bin/gnu/h-x86_64-mingw32/bin/../lib/gcc/nios2-elf/5.3.0\libgcc.a(ledf2.o)
                0x000000000004c384                __ledf2
                0x000000000004c384                __ltdf2
 .text          0x000000000004c478      0x8fc d:/mypc/quartus/quartus/nios2eds/bin/gnu/h-x86_64-mingw32/bin/../lib/gcc/nios2-elf/5.3.0\libgcc.a(subdf3.o)
                0x000000000004c478                __subdf3
 .text          0x000000000004cd74       0x80 d:/mypc/quartus/quartus/nios2eds/bin/gnu/h-x86_64-mingw32/bin/../lib/gcc/nios2-elf/5.3.0\libgcc.a(fixdfsi.o)
                0x000000000004cd74                __fixdfsi
 .text          0x000000000004cdf4       0xa8 d:/mypc/quartus/quartus/nios2eds/bin/gnu/h-x86_64-mingw32/bin/../lib/gcc/nios2-elf/5.3.0\libgcc.a(floatunsidf.o)
                0x000000000004cdf4                __floatunsidf
 .text          0x000000000004ce9c      0x10c ../miniProjet_telemetre_us_bsp/\libhal_bsp.a(alt_close.o)
                0x000000000004ced8                close
 .text          0x000000000004cfa8       0x2c ../miniProjet_telemetre_us_bsp/\libhal_bsp.a(alt_dev.o)
 .text          0x000000000004cfd4        0x0 ../miniProjet_telemetre_us_bsp/\libhal_bsp.a(alt_errno.o)
 .text          0x000000000004cfd4       0xec ../miniProjet_telemetre_us_bsp/\libhal_bsp.a(alt_fstat.o)
                0x000000000004d010                fstat
 .text          0x000000000004d0c0       0xe0 ../miniProjet_telemetre_us_bsp/\libhal_bsp.a(alt_isatty.o)
                0x000000000004d0fc                isatty
 .text          0x000000000004d1a0       0xec ../miniProjet_telemetre_us_bsp/\libhal_bsp.a(alt_load.o)
                0x000000000004d208                alt_load
 .text          0x000000000004d28c      0x110 ../miniProjet_telemetre_us_bsp/\libhal_bsp.a(alt_lseek.o)
                0x000000000004d2c8                lseek
 .text          0x000000000004d39c       0x7c ../miniProjet_telemetre_us_bsp/\libhal_bsp.a(alt_main.o)
                0x000000000004d39c                alt_main
 .text          0x000000000004d418       0x48 ../miniProjet_telemetre_us_bsp/\libhal_bsp.a(alt_malloc_lock.o)
                0x000000000004d418                __malloc_lock
                0x000000000004d43c                __malloc_unlock
 .text          0x000000000004d460      0x138 ../miniProjet_telemetre_us_bsp/\libhal_bsp.a(alt_read.o)
                0x000000000004d49c                read
 .text          0x000000000004d598       0x64 ../miniProjet_telemetre_us_bsp/\libhal_bsp.a(alt_release_fd.o)
                0x000000000004d598                alt_release_fd
 .text          0x000000000004d5fc       0xb0 ../miniProjet_telemetre_us_bsp/\libhal_bsp.a(alt_sbrk.o)
                0x000000000004d5fc                sbrk
 .text          0x000000000004d6ac       0x30 ../miniProjet_telemetre_us_bsp/\libhal_bsp.a(alt_usleep.o)
                0x000000000004d6ac                usleep
 .text          0x000000000004d6dc       0x80 ../miniProjet_telemetre_us_bsp/\libhal_bsp.a(alt_wait.o)
                0x000000000004d718                wait
 .text          0x000000000004d75c      0x134 ../miniProjet_telemetre_us_bsp/\libhal_bsp.a(alt_write.o)
                0x000000000004d798                write
 .text          0x000000000004d890       0xb8 ../miniProjet_telemetre_us_bsp/\libhal_bsp.a(alt_sys_init.o)
                0x000000000004d8c4                alt_irq_init
                0x000000000004d8fc                alt_sys_init
 .text          0x000000000004d948      0x164 ../miniProjet_telemetre_us_bsp/\libhal_bsp.a(altera_avalon_jtag_uart_fd.o)
                0x000000000004d948                altera_avalon_jtag_uart_read_fd
                0x000000000004d9a8                altera_avalon_jtag_uart_write_fd
                0x000000000004da08                altera_avalon_jtag_uart_close_fd
                0x000000000004da58                altera_avalon_jtag_uart_ioctl_fd
 .text          0x000000000004daac      0x3d4 ../miniProjet_telemetre_us_bsp/\libhal_bsp.a(altera_avalon_jtag_uart_init.o)
                0x000000000004daac                altera_avalon_jtag_uart_init
                0x000000000004de18                altera_avalon_jtag_uart_close
 .text          0x000000000004de80       0xf0 ../miniProjet_telemetre_us_bsp/\libhal_bsp.a(altera_avalon_jtag_uart_ioctl.o)
                0x000000000004de80                altera_avalon_jtag_uart_ioctl
 .text          0x000000000004df70      0x21c ../miniProjet_telemetre_us_bsp/\libhal_bsp.a(altera_avalon_jtag_uart_read.o)
                0x000000000004df70                altera_avalon_jtag_uart_read
 .text          0x000000000004e18c      0x224 ../miniProjet_telemetre_us_bsp/\libhal_bsp.a(altera_avalon_jtag_uart_write.o)
                0x000000000004e18c                altera_avalon_jtag_uart_write
 .text          0x000000000004e3b0      0x12c ../miniProjet_telemetre_us_bsp/\libhal_bsp.a(alt_alarm_start.o)
                0x000000000004e3b0                alt_alarm_start
 .text          0x000000000004e4dc      0x158 ../miniProjet_telemetre_us_bsp/\libhal_bsp.a(alt_busy_sleep.o)
                0x000000000004e4dc                alt_busy_sleep
 .text          0x000000000004e634       0x48 ../miniProjet_telemetre_us_bsp/\libhal_bsp.a(alt_dcache_flush_all.o)
                0x000000000004e634                alt_dcache_flush_all
 .text          0x000000000004e67c       0xe0 ../miniProjet_telemetre_us_bsp/\libhal_bsp.a(alt_dev_llist_insert.o)
                0x000000000004e6b8                alt_dev_llist_insert
 .text          0x000000000004e75c       0x60 ../miniProjet_telemetre_us_bsp/\libhal_bsp.a(alt_do_ctors.o)
                0x000000000004e75c                _do_ctors
 .text          0x000000000004e7bc       0x60 ../miniProjet_telemetre_us_bsp/\libhal_bsp.a(alt_do_dtors.o)
                0x000000000004e7bc                _do_dtors
 .text          0x000000000004e81c       0x34 ../miniProjet_telemetre_us_bsp/\libhal_bsp.a(alt_icache_flush_all.o)
                0x000000000004e81c                alt_icache_flush_all
 .text          0x000000000004e850      0x1b0 ../miniProjet_telemetre_us_bsp/\libhal_bsp.a(alt_iic.o)
                0x000000000004e850                alt_ic_isr_register
                0x000000000004e8a0                alt_ic_irq_enable
                0x000000000004e928                alt_ic_irq_disable
                0x000000000004e9b4                alt_ic_irq_enabled
 .text          0x000000000004ea00       0xf0 ../miniProjet_telemetre_us_bsp/\libhal_bsp.a(alt_iic_isr_register.o)
                0x000000000004ea00                alt_iic_isr_register
 .text          0x000000000004eaf0      0x140 ../miniProjet_telemetre_us_bsp/\libhal_bsp.a(alt_io_redirect.o)
                0x000000000004ebb4                alt_io_redirect
 .text          0x000000000004ec30        0x0 ../miniProjet_telemetre_us_bsp/\libhal_bsp.a(alt_irq_entry.o)
 .text          0x000000000004ec30        0x0 ../miniProjet_telemetre_us_bsp/\libhal_bsp.a(alt_irq_handler.o)
 .text          0x000000000004ec30        0x0 ../miniProjet_telemetre_us_bsp/\libhal_bsp.a(alt_irq_vars.o)
 .text          0x000000000004ec30      0x254 ../miniProjet_telemetre_us_bsp/\libhal_bsp.a(alt_open.o)
                0x000000000004ed30                open
 .text          0x000000000004ee84      0x1a4 ../miniProjet_telemetre_us_bsp/\libhal_bsp.a(alt_tick.o)
                0x000000000004ee84                alt_alarm_stop
                0x000000000004ef20                alt_tick
 .text          0x000000000004f028       0x24 ../miniProjet_telemetre_us_bsp/\libhal_bsp.a(altera_nios2_qsys_irq.o)
                0x000000000004f028                altera_nios2_qsys_irq_init
 .text          0x000000000004f04c        0x0 ../miniProjet_telemetre_us_bsp/\libhal_bsp.a(alt_exception_entry.o)
 .text          0x000000000004f04c       0x90 ../miniProjet_telemetre_us_bsp/\libhal_bsp.a(alt_find_dev.o)
                0x000000000004f04c                alt_find_dev
 .text          0x000000000004f0dc      0x108 ../miniProjet_telemetre_us_bsp/\libhal_bsp.a(alt_find_file.o)
                0x000000000004f0dc                alt_find_file
 .text          0x000000000004f1e4       0xa4 ../miniProjet_telemetre_us_bsp/\libhal_bsp.a(alt_get_fd.o)
                0x000000000004f1e4                alt_get_fd
 .text          0x000000000004f288       0x90 ../miniProjet_telemetre_us_bsp/\libhal_bsp.a(alt_icache_flush.o)
                0x000000000004f288                alt_icache_flush
 .text          0x000000000004f318        0x0 d:/mypc/quartus/quartus/nios2eds/bin/gnu/h-x86_64-mingw32/bin/../lib/gcc/nios2-elf/5.3.0/../../../../../H-x86_64-mingw32/nios2-elf/lib\libc.a(lib_a-atexit.o)
 .text.atexit   0x000000000004f318       0x14 d:/mypc/quartus/quartus/nios2eds/bin/gnu/h-x86_64-mingw32/bin/../lib/gcc/nios2-elf/5.3.0/../../../../../H-x86_64-mingw32/nios2-elf/lib\libc.a(lib_a-atexit.o)
                0x000000000004f318                atexit
 .text          0x000000000004f32c        0x0 d:/mypc/quartus/quartus/nios2eds/bin/gnu/h-x86_64-mingw32/bin/../lib/gcc/nios2-elf/5.3.0/../../../../../H-x86_64-mingw32/nios2-elf/lib\libc.a(lib_a-exit.o)
 .text.exit     0x000000000004f32c       0x38 d:/mypc/quartus/quartus/nios2eds/bin/gnu/h-x86_64-mingw32/bin/../lib/gcc/nios2-elf/5.3.0/../../../../../H-x86_64-mingw32/nios2-elf/lib\libc.a(lib_a-exit.o)
                0x000000000004f32c                exit
 .text          0x000000000004f364        0x0 d:/mypc/quartus/quartus/nios2eds/bin/gnu/h-x86_64-mingw32/bin/../lib/gcc/nios2-elf/5.3.0/../../../../../H-x86_64-mingw32/nios2-elf/lib\libc.a(lib_a-memcmp.o)
 .text.memcmp   0x000000000004f364       0x7c d:/mypc/quartus/quartus/nios2eds/bin/gnu/h-x86_64-mingw32/bin/../lib/gcc/nios2-elf/5.3.0/../../../../../H-x86_64-mingw32/nios2-elf/lib\libc.a(lib_a-memcmp.o)
                0x000000000004f364                memcmp
 .text          0x000000000004f3e0        0x0 d:/mypc/quartus/quartus/nios2eds/bin/gnu/h-x86_64-mingw32/bin/../lib/gcc/nios2-elf/5.3.0/../../../../../H-x86_64-mingw32/nios2-elf/lib\libc.a(lib_a-__atexit.o)
 .text.__register_exitproc
                0x000000000004f3e0      0x118 d:/mypc/quartus/quartus/nios2eds/bin/gnu/h-x86_64-mingw32/bin/../lib/gcc/nios2-elf/5.3.0/../../../../../H-x86_64-mingw32/nios2-elf/lib\libc.a(lib_a-__atexit.o)
                0x000000000004f3e0                __register_exitproc
 .text          0x000000000004f4f8        0x0 d:/mypc/quartus/quartus/nios2eds/bin/gnu/h-x86_64-mingw32/bin/../lib/gcc/nios2-elf/5.3.0/../../../../../H-x86_64-mingw32/nios2-elf/lib\libc.a(lib_a-__call_atexit.o)
 .text.__call_exitprocs
                0x000000000004f4f8      0x180 d:/mypc/quartus/quartus/nios2eds/bin/gnu/h-x86_64-mingw32/bin/../lib/gcc/nios2-elf/5.3.0/../../../../../H-x86_64-mingw32/nios2-elf/lib\libc.a(lib_a-__call_atexit.o)
                0x000000000004f4f8                __call_exitprocs
 .text          0x000000000004f678       0x34 ../miniProjet_telemetre_us_bsp/\libhal_bsp.a(alt_exit.o)
                0x000000000004f678                _exit
 *(.gnu.warning.*)
 *(.fini)
                [!provide]                        PROVIDE (__etext, ABSOLUTE (.))
                [!provide]                        PROVIDE (_etext, ABSOLUTE (.))
                [!provide]                        PROVIDE (etext, ABSOLUTE (.))
 *(.eh_frame_hdr)
                0x000000000004f6ac                . = ALIGN (0x4)
                [!provide]                        PROVIDE (__preinit_array_start, ABSOLUTE (.))
 *(.preinit_array)
                [!provide]                        PROVIDE (__preinit_array_end, ABSOLUTE (.))
                [!provide]                        PROVIDE (__init_array_start, ABSOLUTE (.))
 *(.init_array)
                [!provide]                        PROVIDE (__init_array_end, ABSOLUTE (.))
                [!provide]                        PROVIDE (__fini_array_start, ABSOLUTE (.))
 *(.fini_array)
                [!provide]                        PROVIDE (__fini_array_end, ABSOLUTE (.))
 *(.eh_frame)
 *(.gcc_except_table .gcc_except_table.*)
 *(.dynamic)
                0x000000000004f6ac                PROVIDE (__CTOR_LIST__, ABSOLUTE (.))
 *(.ctors)
 *(SORT(.ctors.*))
                0x000000000004f6ac                PROVIDE (__CTOR_END__, ABSOLUTE (.))
                0x000000000004f6ac                PROVIDE (__DTOR_LIST__, ABSOLUTE (.))
 *(.dtors)
 *(SORT(.dtors.*))
                0x000000000004f6ac                PROVIDE (__DTOR_END__, ABSOLUTE (.))
 *(.jcr)
                0x000000000004f6ac                . = ALIGN (0x4)

.rodata         0x000000000004f6ac      0x344
                0x000000000004f6ac                PROVIDE (__ram_rodata_start, ABSOLUTE (.))
                0x000000000004f6ac                . = ALIGN (0x4)
 *(.rodata .rodata.* .gnu.linkonce.r.*)
 .rodata        0x000000000004f6ac       0x4b obj/default/hello_world.o
 .rodata        0x000000000004f6f7      0x100 d:/mypc/quartus/quartus/nios2eds/bin/gnu/h-x86_64-mingw32/bin/../lib/gcc/nios2-elf/5.3.0\libgcc.a(_clz.o)
                0x000000000004f6f7                __clz_tab
 *fill*         0x000000000004f7f7        0x1 
 .rodata.str1.4
                0x000000000004f7f8        0x2 d:/mypc/quartus/quartus/nios2eds/bin/gnu/h-x86_64-mingw32/bin/../lib/gcc/nios2-elf/5.3.0/../../../../../H-x86_64-mingw32/nios2-elf/lib\libc.a(lib_a-puts.o)
 *fill*         0x000000000004f7fa        0x2 
 .rodata.str1.4
                0x000000000004f7fc       0x42 d:/mypc/quartus/quartus/nios2eds/bin/gnu/h-x86_64-mingw32/bin/../lib/gcc/nios2-elf/5.3.0/../../../../../H-x86_64-mingw32/nios2-elf/lib\libc.a(lib_a-vfprintf.o)
 .rodata.zeroes.4404
                0x000000000004f83e       0x10 d:/mypc/quartus/quartus/nios2eds/bin/gnu/h-x86_64-mingw32/bin/../lib/gcc/nios2-elf/5.3.0/../../../../../H-x86_64-mingw32/nios2-elf/lib\libc.a(lib_a-vfprintf.o)
 .rodata.blanks.4403
                0x000000000004f84e       0x10 d:/mypc/quartus/quartus/nios2eds/bin/gnu/h-x86_64-mingw32/bin/../lib/gcc/nios2-elf/5.3.0/../../../../../H-x86_64-mingw32/nios2-elf/lib\libc.a(lib_a-vfprintf.o)
 *fill*         0x000000000004f85e        0x2 
 .rodata.str1.4
                0x000000000004f860       0x10 d:/mypc/quartus/quartus/nios2eds/bin/gnu/h-x86_64-mingw32/bin/../lib/gcc/nios2-elf/5.3.0/../../../../../H-x86_64-mingw32/nios2-elf/lib\libc.a(lib_a-dtoa.o)
                                         0x12 (size before relaxing)
 .rodata.str1.4
                0x000000000004f870        0x2 d:/mypc/quartus/quartus/nios2eds/bin/gnu/h-x86_64-mingw32/bin/../lib/gcc/nios2-elf/5.3.0/../../../../../H-x86_64-mingw32/nios2-elf/lib\libc.a(lib_a-impure.o)
 *fill*         0x000000000004f872        0x2 
 .rodata.str1.4
                0x000000000004f874        0xc d:/mypc/quartus/quartus/nios2eds/bin/gnu/h-x86_64-mingw32/bin/../lib/gcc/nios2-elf/5.3.0/../../../../../H-x86_64-mingw32/nios2-elf/lib\libc.a(lib_a-locale.o)
                                         0x12 (size before relaxing)
 .rodata.p05.2768
                0x000000000004f880        0xc d:/mypc/quartus/quartus/nios2eds/bin/gnu/h-x86_64-mingw32/bin/../lib/gcc/nios2-elf/5.3.0/../../../../../H-x86_64-mingw32/nios2-elf/lib\libc.a(lib_a-mprec.o)
 .rodata.__mprec_tinytens
                0x000000000004f88c       0x28 d:/mypc/quartus/quartus/nios2eds/bin/gnu/h-x86_64-mingw32/bin/../lib/gcc/nios2-elf/5.3.0/../../../../../H-x86_64-mingw32/nios2-elf/lib\libc.a(lib_a-mprec.o)
                0x000000000004f88c                __mprec_tinytens
 .rodata.__mprec_bigtens
                0x000000000004f8b4       0x28 d:/mypc/quartus/quartus/nios2eds/bin/gnu/h-x86_64-mingw32/bin/../lib/gcc/nios2-elf/5.3.0/../../../../../H-x86_64-mingw32/nios2-elf/lib\libc.a(lib_a-mprec.o)
                0x000000000004f8b4                __mprec_bigtens
 .rodata.__mprec_tens
                0x000000000004f8dc       0xc8 d:/mypc/quartus/quartus/nios2eds/bin/gnu/h-x86_64-mingw32/bin/../lib/gcc/nios2-elf/5.3.0/../../../../../H-x86_64-mingw32/nios2-elf/lib\libc.a(lib_a-mprec.o)
                0x000000000004f8dc                __mprec_tens
 .rodata.str1.4
                0x000000000004f9a4       0x2f d:/mypc/quartus/quartus/nios2eds/bin/gnu/h-x86_64-mingw32/bin/../lib/gcc/nios2-elf/5.3.0/../../../../../H-x86_64-mingw32/nios2-elf/lib\libc.a(lib_a-vfiprintf.o)
 .rodata.zeroes.4349
                0x000000000004f9a4       0x10 d:/mypc/quartus/quartus/nios2eds/bin/gnu/h-x86_64-mingw32/bin/../lib/gcc/nios2-elf/5.3.0/../../../../../H-x86_64-mingw32/nios2-elf/lib\libc.a(lib_a-vfiprintf.o)
 .rodata.blanks.4348
                0x000000000004f9b4       0x10 d:/mypc/quartus/quartus/nios2eds/bin/gnu/h-x86_64-mingw32/bin/../lib/gcc/nios2-elf/5.3.0/../../../../../H-x86_64-mingw32/nios2-elf/lib\libc.a(lib_a-vfiprintf.o)
 .rodata        0x000000000004f9c4        0xa ../miniProjet_telemetre_us_bsp/\libhal_bsp.a(alt_dev.o)
 *fill*         0x000000000004f9ce        0x2 
 .rodata        0x000000000004f9d0        0xf ../miniProjet_telemetre_us_bsp/\libhal_bsp.a(alt_main.o)
 *fill*         0x000000000004f9df        0x1 
 .rodata        0x000000000004f9e0        0xf ../miniProjet_telemetre_us_bsp/\libhal_bsp.a(alt_sys_init.o)
 *(.rodata1)
                0x000000000004f9f0                . = ALIGN (0x4)
 *fill*         0x000000000004f9ef        0x1 
                0x000000000004f9f0                PROVIDE (__ram_rodata_end, ABSOLUTE (.))
                0x000000000004f6ac                PROVIDE (__flash_rodata_start, LOADADDR (.rodata))

.rwdata         0x000000000004f9f0     0x1aec load address 0x00000000000514dc
                0x000000000004f9f0                PROVIDE (__ram_rwdata_start, ABSOLUTE (.))
                0x000000000004f9f0                . = ALIGN (0x4)
 *(.got.plt)
 *(.got)
 *(.data1)
 *(.data .data.* .gnu.linkonce.d.*)
 .data          0x000000000004f9f0        0x0 ../miniProjet_telemetre_us_bsp//obj/HAL/src/crt0.o
 .data          0x000000000004f9f0        0x0 obj/default/hello_world.o
 .data          0x000000000004f9f0        0x0 d:/mypc/quartus/quartus/nios2eds/bin/gnu/h-x86_64-mingw32/bin/../lib/gcc/nios2-elf/5.3.0\libgcc.a(muldf3.o)
 .data          0x000000000004f9f0        0x0 d:/mypc/quartus/quartus/nios2eds/bin/gnu/h-x86_64-mingw32/bin/../lib/gcc/nios2-elf/5.3.0\libgcc.a(floatsidf.o)
 .data          0x000000000004f9f0        0x0 d:/mypc/quartus/quartus/nios2eds/bin/gnu/h-x86_64-mingw32/bin/../lib/gcc/nios2-elf/5.3.0\libgcc.a(extendsfdf2.o)
 .data          0x000000000004f9f0        0x0 d:/mypc/quartus/quartus/nios2eds/bin/gnu/h-x86_64-mingw32/bin/../lib/gcc/nios2-elf/5.3.0\libgcc.a(truncdfsf2.o)
 .data          0x000000000004f9f0        0x0 d:/mypc/quartus/quartus/nios2eds/bin/gnu/h-x86_64-mingw32/bin/../lib/gcc/nios2-elf/5.3.0\libgcc.a(_clzsi2.o)
 .data          0x000000000004f9f0        0x0 d:/mypc/quartus/quartus/nios2eds/bin/gnu/h-x86_64-mingw32/bin/../lib/gcc/nios2-elf/5.3.0\libgcc.a(_clz.o)
 .data          0x000000000004f9f0        0x0 d:/mypc/quartus/quartus/nios2eds/bin/gnu/h-x86_64-mingw32/bin/../lib/gcc/nios2-elf/5.3.0/../../../../../H-x86_64-mingw32/nios2-elf/lib\libc.a(lib_a-printf.o)
 .data          0x000000000004f9f0        0x0 d:/mypc/quartus/quartus/nios2eds/bin/gnu/h-x86_64-mingw32/bin/../lib/gcc/nios2-elf/5.3.0/../../../../../H-x86_64-mingw32/nios2-elf/lib\libc.a(lib_a-puts.o)
 .data          0x000000000004f9f0        0x0 d:/mypc/quartus/quartus/nios2eds/bin/gnu/h-x86_64-mingw32/bin/../lib/gcc/nios2-elf/5.3.0/../../../../../H-x86_64-mingw32/nios2-elf/lib\libc.a(lib_a-strlen.o)
 .data          0x000000000004f9f0        0x0 d:/mypc/quartus/quartus/nios2eds/bin/gnu/h-x86_64-mingw32/bin/../lib/gcc/nios2-elf/5.3.0/../../../../../H-x86_64-mingw32/nios2-elf/lib\libc.a(lib_a-vfprintf.o)
 .data          0x000000000004f9f0        0x0 d:/mypc/quartus/quartus/nios2eds/bin/gnu/h-x86_64-mingw32/bin/../lib/gcc/nios2-elf/5.3.0/../../../../../H-x86_64-mingw32/nios2-elf/lib\libc.a(lib_a-wsetup.o)
 .data          0x000000000004f9f0        0x0 d:/mypc/quartus/quartus/nios2eds/bin/gnu/h-x86_64-mingw32/bin/../lib/gcc/nios2-elf/5.3.0/../../../../../H-x86_64-mingw32/nios2-elf/lib\libc.a(lib_a-dtoa.o)
 .data          0x000000000004f9f0        0x0 d:/mypc/quartus/quartus/nios2eds/bin/gnu/h-x86_64-mingw32/bin/../lib/gcc/nios2-elf/5.3.0/../../../../../H-x86_64-mingw32/nios2-elf/lib\libc.a(lib_a-fflush.o)
 .data          0x000000000004f9f0        0x0 d:/mypc/quartus/quartus/nios2eds/bin/gnu/h-x86_64-mingw32/bin/../lib/gcc/nios2-elf/5.3.0/../../../../../H-x86_64-mingw32/nios2-elf/lib\libc.a(lib_a-findfp.o)
 .data          0x000000000004f9f0        0x0 d:/mypc/quartus/quartus/nios2eds/bin/gnu/h-x86_64-mingw32/bin/../lib/gcc/nios2-elf/5.3.0/../../../../../H-x86_64-mingw32/nios2-elf/lib\libc.a(lib_a-freer.o)
 .data          0x000000000004f9f0        0x0 d:/mypc/quartus/quartus/nios2eds/bin/gnu/h-x86_64-mingw32/bin/../lib/gcc/nios2-elf/5.3.0/../../../../../H-x86_64-mingw32/nios2-elf/lib\libc.a(lib_a-fvwrite.o)
 .data          0x000000000004f9f0        0x0 d:/mypc/quartus/quartus/nios2eds/bin/gnu/h-x86_64-mingw32/bin/../lib/gcc/nios2-elf/5.3.0/../../../../../H-x86_64-mingw32/nios2-elf/lib\libc.a(lib_a-fwalk.o)
 .data          0x000000000004f9f0        0x0 d:/mypc/quartus/quartus/nios2eds/bin/gnu/h-x86_64-mingw32/bin/../lib/gcc/nios2-elf/5.3.0/../../../../../H-x86_64-mingw32/nios2-elf/lib\libc.a(lib_a-impure.o)
 .data.impure_data
                0x000000000004f9f0      0x424 d:/mypc/quartus/quartus/nios2eds/bin/gnu/h-x86_64-mingw32/bin/../lib/gcc/nios2-elf/5.3.0/../../../../../H-x86_64-mingw32/nios2-elf/lib\libc.a(lib_a-impure.o)
 .data          0x000000000004fe14        0x0 d:/mypc/quartus/quartus/nios2eds/bin/gnu/h-x86_64-mingw32/bin/../lib/gcc/nios2-elf/5.3.0/../../../../../H-x86_64-mingw32/nios2-elf/lib\libc.a(lib_a-locale.o)
 .data.lc_message_charset
                0x000000000004fe14       0x20 d:/mypc/quartus/quartus/nios2eds/bin/gnu/h-x86_64-mingw32/bin/../lib/gcc/nios2-elf/5.3.0/../../../../../H-x86_64-mingw32/nios2-elf/lib\libc.a(lib_a-locale.o)
 .data.lc_ctype_charset
                0x000000000004fe34       0x20 d:/mypc/quartus/quartus/nios2eds/bin/gnu/h-x86_64-mingw32/bin/../lib/gcc/nios2-elf/5.3.0/../../../../../H-x86_64-mingw32/nios2-elf/lib\libc.a(lib_a-locale.o)
 .data.lconv    0x000000000004fe54       0x38 d:/mypc/quartus/quartus/nios2eds/bin/gnu/h-x86_64-mingw32/bin/../lib/gcc/nios2-elf/5.3.0/../../../../../H-x86_64-mingw32/nios2-elf/lib\libc.a(lib_a-locale.o)
 .data          0x000000000004fe8c        0x0 d:/mypc/quartus/quartus/nios2eds/bin/gnu/h-x86_64-mingw32/bin/../lib/gcc/nios2-elf/5.3.0/../../../../../H-x86_64-mingw32/nios2-elf/lib\libc.a(lib_a-makebuf.o)
 .data          0x000000000004fe8c        0x0 d:/mypc/quartus/quartus/nios2eds/bin/gnu/h-x86_64-mingw32/bin/../lib/gcc/nios2-elf/5.3.0/../../../../../H-x86_64-mingw32/nios2-elf/lib\libc.a(lib_a-mallocr.o)
 .data.__malloc_av_
                0x000000000004fe8c      0x408 d:/mypc/quartus/quartus/nios2eds/bin/gnu/h-x86_64-mingw32/bin/../lib/gcc/nios2-elf/5.3.0/../../../../../H-x86_64-mingw32/nios2-elf/lib\libc.a(lib_a-mallocr.o)
                0x000000000004fe8c                __malloc_av_
 .data          0x0000000000050294        0x0 d:/mypc/quartus/quartus/nios2eds/bin/gnu/h-x86_64-mingw32/bin/../lib/gcc/nios2-elf/5.3.0/../../../../../H-x86_64-mingw32/nios2-elf/lib\libc.a(lib_a-memchr.o)
 .data          0x0000000000050294        0x0 d:/mypc/quartus/quartus/nios2eds/bin/gnu/h-x86_64-mingw32/bin/../lib/gcc/nios2-elf/5.3.0/../../../../../H-x86_64-mingw32/nios2-elf/lib\libc.a(lib_a-memcpy.o)
 .data          0x0000000000050294        0x0 d:/mypc/quartus/quartus/nios2eds/bin/gnu/h-x86_64-mingw32/bin/../lib/gcc/nios2-elf/5.3.0/../../../../../H-x86_64-mingw32/nios2-elf/lib\libc.a(lib_a-memmove.o)
 .data          0x0000000000050294        0x0 d:/mypc/quartus/quartus/nios2eds/bin/gnu/h-x86_64-mingw32/bin/../lib/gcc/nios2-elf/5.3.0/../../../../../H-x86_64-mingw32/nios2-elf/lib\libc.a(lib_a-memset.o)
 .data          0x0000000000050294        0x0 d:/mypc/quartus/quartus/nios2eds/bin/gnu/h-x86_64-mingw32/bin/../lib/gcc/nios2-elf/5.3.0/../../../../../H-x86_64-mingw32/nios2-elf/lib\libc.a(lib_a-mprec.o)
 .data          0x0000000000050294        0x0 d:/mypc/quartus/quartus/nios2eds/bin/gnu/h-x86_64-mingw32/bin/../lib/gcc/nios2-elf/5.3.0/../../../../../H-x86_64-mingw32/nios2-elf/lib\libc.a(lib_a-reallocr.o)
 .data          0x0000000000050294        0x0 d:/mypc/quartus/quartus/nios2eds/bin/gnu/h-x86_64-mingw32/bin/../lib/gcc/nios2-elf/5.3.0/../../../../../H-x86_64-mingw32/nios2-elf/lib\libc.a(lib_a-s_fpclassify.o)
 .data          0x0000000000050294        0x0 d:/mypc/quartus/quartus/nios2eds/bin/gnu/h-x86_64-mingw32/bin/../lib/gcc/nios2-elf/5.3.0/../../../../../H-x86_64-mingw32/nios2-elf/lib\libc.a(lib_a-sbrkr.o)
 .data          0x0000000000050294        0x0 d:/mypc/quartus/quartus/nios2eds/bin/gnu/h-x86_64-mingw32/bin/../lib/gcc/nios2-elf/5.3.0/../../../../../H-x86_64-mingw32/nios2-elf/lib\libc.a(lib_a-stdio.o)
 .data          0x0000000000050294        0x0 d:/mypc/quartus/quartus/nios2eds/bin/gnu/h-x86_64-mingw32/bin/../lib/gcc/nios2-elf/5.3.0/../../../../../H-x86_64-mingw32/nios2-elf/lib\libc.a(lib_a-strcmp.o)
 .data          0x0000000000050294        0x0 d:/mypc/quartus/quartus/nios2eds/bin/gnu/h-x86_64-mingw32/bin/../lib/gcc/nios2-elf/5.3.0/../../../../../H-x86_64-mingw32/nios2-elf/lib\libc.a(lib_a-vfiprintf.o)
 .data          0x0000000000050294        0x0 d:/mypc/quartus/quartus/nios2eds/bin/gnu/h-x86_64-mingw32/bin/../lib/gcc/nios2-elf/5.3.0/../../../../../H-x86_64-mingw32/nios2-elf/lib\libc.a(lib_a-writer.o)
 .data          0x0000000000050294        0x0 d:/mypc/quartus/quartus/nios2eds/bin/gnu/h-x86_64-mingw32/bin/../lib/gcc/nios2-elf/5.3.0/../../../../../H-x86_64-mingw32/nios2-elf/lib\libc.a(closer.o)
 .data          0x0000000000050294        0x0 d:/mypc/quartus/quartus/nios2eds/bin/gnu/h-x86_64-mingw32/bin/../lib/gcc/nios2-elf/5.3.0/../../../../../H-x86_64-mingw32/nios2-elf/lib\libc.a(lib_a-callocr.o)
 .data          0x0000000000050294        0x0 d:/mypc/quartus/quartus/nios2eds/bin/gnu/h-x86_64-mingw32/bin/../lib/gcc/nios2-elf/5.3.0/../../../../../H-x86_64-mingw32/nios2-elf/lib\libc.a(lib_a-fclose.o)
 .data          0x0000000000050294        0x0 d:/mypc/quartus/quartus/nios2eds/bin/gnu/h-x86_64-mingw32/bin/../lib/gcc/nios2-elf/5.3.0/../../../../../H-x86_64-mingw32/nios2-elf/lib\libc.a(lib_a-fputwc.o)
 .data          0x0000000000050294        0x0 d:/mypc/quartus/quartus/nios2eds/bin/gnu/h-x86_64-mingw32/bin/../lib/gcc/nios2-elf/5.3.0/../../../../../H-x86_64-mingw32/nios2-elf/lib\libc.a(lib_a-fstatr.o)
 .data          0x0000000000050294        0x0 d:/mypc/quartus/quartus/nios2eds/bin/gnu/h-x86_64-mingw32/bin/../lib/gcc/nios2-elf/5.3.0/../../../../../H-x86_64-mingw32/nios2-elf/lib\libc.a(lib_a-int_errno.o)
 .data          0x0000000000050294        0x0 d:/mypc/quartus/quartus/nios2eds/bin/gnu/h-x86_64-mingw32/bin/../lib/gcc/nios2-elf/5.3.0/../../../../../H-x86_64-mingw32/nios2-elf/lib\libc.a(lib_a-isattyr.o)
 .data          0x0000000000050294        0x0 d:/mypc/quartus/quartus/nios2eds/bin/gnu/h-x86_64-mingw32/bin/../lib/gcc/nios2-elf/5.3.0/../../../../../H-x86_64-mingw32/nios2-elf/lib\libc.a(lib_a-lseekr.o)
 .data          0x0000000000050294        0x0 d:/mypc/quartus/quartus/nios2eds/bin/gnu/h-x86_64-mingw32/bin/../lib/gcc/nios2-elf/5.3.0/../../../../../H-x86_64-mingw32/nios2-elf/lib\libc.a(lib_a-readr.o)
 .data          0x0000000000050294        0x0 d:/mypc/quartus/quartus/nios2eds/bin/gnu/h-x86_64-mingw32/bin/../lib/gcc/nios2-elf/5.3.0/../../../../../H-x86_64-mingw32/nios2-elf/lib\libc.a(lib_a-wbuf.o)
 .data          0x0000000000050294        0x0 d:/mypc/quartus/quartus/nios2eds/bin/gnu/h-x86_64-mingw32/bin/../lib/gcc/nios2-elf/5.3.0/../../../../../H-x86_64-mingw32/nios2-elf/lib\libc.a(lib_a-wcrtomb.o)
 .data          0x0000000000050294        0x0 d:/mypc/quartus/quartus/nios2eds/bin/gnu/h-x86_64-mingw32/bin/../lib/gcc/nios2-elf/5.3.0/../../../../../H-x86_64-mingw32/nios2-elf/lib\libc.a(lib_a-wctomb_r.o)
 .data          0x0000000000050294        0x0 d:/mypc/quartus/quartus/nios2eds/bin/gnu/h-x86_64-mingw32/bin/../lib/gcc/nios2-elf/5.3.0\libgcc.a(_udivdi3.o)
 .data          0x0000000000050294        0x0 d:/mypc/quartus/quartus/nios2eds/bin/gnu/h-x86_64-mingw32/bin/../lib/gcc/nios2-elf/5.3.0\libgcc.a(_umoddi3.o)
 .data          0x0000000000050294        0x0 d:/mypc/quartus/quartus/nios2eds/bin/gnu/h-x86_64-mingw32/bin/../lib/gcc/nios2-elf/5.3.0\libgcc.a(lib2-divmod.o)
 .data          0x0000000000050294        0x0 d:/mypc/quartus/quartus/nios2eds/bin/gnu/h-x86_64-mingw32/bin/../lib/gcc/nios2-elf/5.3.0\libgcc.a(adddf3.o)
 .data          0x0000000000050294        0x0 d:/mypc/quartus/quartus/nios2eds/bin/gnu/h-x86_64-mingw32/bin/../lib/gcc/nios2-elf/5.3.0\libgcc.a(divdf3.o)
 .data          0x0000000000050294        0x0 d:/mypc/quartus/quartus/nios2eds/bin/gnu/h-x86_64-mingw32/bin/../lib/gcc/nios2-elf/5.3.0\libgcc.a(eqdf2.o)
 .data          0x0000000000050294        0x0 d:/mypc/quartus/quartus/nios2eds/bin/gnu/h-x86_64-mingw32/bin/../lib/gcc/nios2-elf/5.3.0\libgcc.a(gedf2.o)
 .data          0x0000000000050294        0x0 d:/mypc/quartus/quartus/nios2eds/bin/gnu/h-x86_64-mingw32/bin/../lib/gcc/nios2-elf/5.3.0\libgcc.a(ledf2.o)
 .data          0x0000000000050294        0x0 d:/mypc/quartus/quartus/nios2eds/bin/gnu/h-x86_64-mingw32/bin/../lib/gcc/nios2-elf/5.3.0\libgcc.a(subdf3.o)
 .data          0x0000000000050294        0x0 d:/mypc/quartus/quartus/nios2eds/bin/gnu/h-x86_64-mingw32/bin/../lib/gcc/nios2-elf/5.3.0\libgcc.a(fixdfsi.o)
 .data          0x0000000000050294        0x0 d:/mypc/quartus/quartus/nios2eds/bin/gnu/h-x86_64-mingw32/bin/../lib/gcc/nios2-elf/5.3.0\libgcc.a(floatunsidf.o)
 .data          0x0000000000050294        0x0 ../miniProjet_telemetre_us_bsp/\libhal_bsp.a(alt_close.o)
 .data          0x0000000000050294      0x1a8 ../miniProjet_telemetre_us_bsp/\libhal_bsp.a(alt_dev.o)
                0x0000000000050294                alt_dev_null
                0x00000000000502bc                alt_fd_list
 .data          0x000000000005043c        0x0 ../miniProjet_telemetre_us_bsp/\libhal_bsp.a(alt_errno.o)
 .data          0x000000000005043c        0x0 ../miniProjet_telemetre_us_bsp/\libhal_bsp.a(alt_fstat.o)
 .data          0x000000000005043c        0x0 ../miniProjet_telemetre_us_bsp/\libhal_bsp.a(alt_isatty.o)
 .data          0x000000000005043c        0x0 ../miniProjet_telemetre_us_bsp/\libhal_bsp.a(alt_load.o)
 .data          0x000000000005043c        0x0 ../miniProjet_telemetre_us_bsp/\libhal_bsp.a(alt_lseek.o)
 .data          0x000000000005043c        0x0 ../miniProjet_telemetre_us_bsp/\libhal_bsp.a(alt_main.o)
 .data          0x000000000005043c        0x0 ../miniProjet_telemetre_us_bsp/\libhal_bsp.a(alt_malloc_lock.o)
 .data          0x000000000005043c        0x0 ../miniProjet_telemetre_us_bsp/\libhal_bsp.a(alt_read.o)
 .data          0x000000000005043c        0x0 ../miniProjet_telemetre_us_bsp/\libhal_bsp.a(alt_release_fd.o)
 .data          0x000000000005043c        0x0 ../miniProjet_telemetre_us_bsp/\libhal_bsp.a(alt_sbrk.o)
 .data          0x000000000005043c        0x0 ../miniProjet_telemetre_us_bsp/\libhal_bsp.a(alt_usleep.o)
 .data          0x000000000005043c        0x0 ../miniProjet_telemetre_us_bsp/\libhal_bsp.a(alt_wait.o)
 .data          0x000000000005043c        0x0 ../miniProjet_telemetre_us_bsp/\libhal_bsp.a(alt_write.o)
 .data          0x000000000005043c     0x1060 ../miniProjet_telemetre_us_bsp/\libhal_bsp.a(alt_sys_init.o)
 .data          0x000000000005149c        0x0 ../miniProjet_telemetre_us_bsp/\libhal_bsp.a(altera_avalon_jtag_uart_fd.o)
 .data          0x000000000005149c        0x0 ../miniProjet_telemetre_us_bsp/\libhal_bsp.a(altera_avalon_jtag_uart_init.o)
 .data          0x000000000005149c        0x0 ../miniProjet_telemetre_us_bsp/\libhal_bsp.a(altera_avalon_jtag_uart_ioctl.o)
 .data          0x000000000005149c        0x0 ../miniProjet_telemetre_us_bsp/\libhal_bsp.a(altera_avalon_jtag_uart_read.o)
 .data          0x000000000005149c        0x0 ../miniProjet_telemetre_us_bsp/\libhal_bsp.a(altera_avalon_jtag_uart_write.o)
 .data          0x000000000005149c        0x0 ../miniProjet_telemetre_us_bsp/\libhal_bsp.a(alt_alarm_start.o)
 .data          0x000000000005149c        0x0 ../miniProjet_telemetre_us_bsp/\libhal_bsp.a(alt_busy_sleep.o)
 .data          0x000000000005149c        0x0 ../miniProjet_telemetre_us_bsp/\libhal_bsp.a(alt_dcache_flush_all.o)
 .data          0x000000000005149c        0x0 ../miniProjet_telemetre_us_bsp/\libhal_bsp.a(alt_dev_llist_insert.o)
 .data          0x000000000005149c        0x0 ../miniProjet_telemetre_us_bsp/\libhal_bsp.a(alt_do_ctors.o)
 .data          0x000000000005149c        0x0 ../miniProjet_telemetre_us_bsp/\libhal_bsp.a(alt_do_dtors.o)
 .data          0x000000000005149c        0x0 ../miniProjet_telemetre_us_bsp/\libhal_bsp.a(alt_icache_flush_all.o)
 .data          0x000000000005149c        0x0 ../miniProjet_telemetre_us_bsp/\libhal_bsp.a(alt_iic.o)
 .data          0x000000000005149c        0x0 ../miniProjet_telemetre_us_bsp/\libhal_bsp.a(alt_iic_isr_register.o)
 .data          0x000000000005149c        0x0 ../miniProjet_telemetre_us_bsp/\libhal_bsp.a(alt_io_redirect.o)
 .data          0x000000000005149c        0x0 ../miniProjet_telemetre_us_bsp/\libhal_bsp.a(alt_irq_entry.o)
 .data          0x000000000005149c        0x0 ../miniProjet_telemetre_us_bsp/\libhal_bsp.a(alt_irq_handler.o)
 .data          0x000000000005149c        0x0 ../miniProjet_telemetre_us_bsp/\libhal_bsp.a(alt_irq_vars.o)
 .data          0x000000000005149c        0x0 ../miniProjet_telemetre_us_bsp/\libhal_bsp.a(alt_open.o)
 .data          0x000000000005149c        0x0 ../miniProjet_telemetre_us_bsp/\libhal_bsp.a(alt_tick.o)
 .data          0x000000000005149c        0x0 ../miniProjet_telemetre_us_bsp/\libhal_bsp.a(altera_nios2_qsys_irq.o)
 .data          0x000000000005149c        0x0 ../miniProjet_telemetre_us_bsp/\libhal_bsp.a(alt_exception_entry.o)
 .data          0x000000000005149c        0x0 ../miniProjet_telemetre_us_bsp/\libhal_bsp.a(alt_find_dev.o)
 .data          0x000000000005149c        0x0 ../miniProjet_telemetre_us_bsp/\libhal_bsp.a(alt_find_file.o)
 .data          0x000000000005149c        0x0 ../miniProjet_telemetre_us_bsp/\libhal_bsp.a(alt_get_fd.o)
 .data          0x000000000005149c        0x0 ../miniProjet_telemetre_us_bsp/\libhal_bsp.a(alt_icache_flush.o)
 .data          0x000000000005149c        0x0 d:/mypc/quartus/quartus/nios2eds/bin/gnu/h-x86_64-mingw32/bin/../lib/gcc/nios2-elf/5.3.0/../../../../../H-x86_64-mingw32/nios2-elf/lib\libc.a(lib_a-atexit.o)
 .data          0x000000000005149c        0x0 d:/mypc/quartus/quartus/nios2eds/bin/gnu/h-x86_64-mingw32/bin/../lib/gcc/nios2-elf/5.3.0/../../../../../H-x86_64-mingw32/nios2-elf/lib\libc.a(lib_a-exit.o)
 .data          0x000000000005149c        0x0 d:/mypc/quartus/quartus/nios2eds/bin/gnu/h-x86_64-mingw32/bin/../lib/gcc/nios2-elf/5.3.0/../../../../../H-x86_64-mingw32/nios2-elf/lib\libc.a(lib_a-memcmp.o)
 .data          0x000000000005149c        0x0 d:/mypc/quartus/quartus/nios2eds/bin/gnu/h-x86_64-mingw32/bin/../lib/gcc/nios2-elf/5.3.0/../../../../../H-x86_64-mingw32/nios2-elf/lib\libc.a(lib_a-__atexit.o)
 .data          0x000000000005149c        0x0 d:/mypc/quartus/quartus/nios2eds/bin/gnu/h-x86_64-mingw32/bin/../lib/gcc/nios2-elf/5.3.0/../../../../../H-x86_64-mingw32/nios2-elf/lib\libc.a(lib_a-__call_atexit.o)
 .data          0x000000000005149c        0x0 ../miniProjet_telemetre_us_bsp/\libhal_bsp.a(alt_exit.o)
                0x000000000005949c                _gp = ABSOLUTE ((. + 0x8000))
                [!provide]                        PROVIDE (gp, _gp)
 *(.rwdata .rwdata.*)
 *(.sdata .sdata.* .gnu.linkonce.s.*)
 .sdata._global_impure_ptr
                0x000000000005149c        0x4 d:/mypc/quartus/quartus/nios2eds/bin/gnu/h-x86_64-mingw32/bin/../lib/gcc/nios2-elf/5.3.0/../../../../../H-x86_64-mingw32/nios2-elf/lib\libc.a(lib_a-impure.o)
                0x000000000005149c                _global_impure_ptr
 .sdata._impure_ptr
                0x00000000000514a0        0x4 d:/mypc/quartus/quartus/nios2eds/bin/gnu/h-x86_64-mingw32/bin/../lib/gcc/nios2-elf/5.3.0/../../../../../H-x86_64-mingw32/nios2-elf/lib\libc.a(lib_a-impure.o)
                0x00000000000514a0                _impure_ptr
 .sdata.__mb_cur_max
                0x00000000000514a4        0x4 d:/mypc/quartus/quartus/nios2eds/bin/gnu/h-x86_64-mingw32/bin/../lib/gcc/nios2-elf/5.3.0/../../../../../H-x86_64-mingw32/nios2-elf/lib\libc.a(lib_a-locale.o)
                0x00000000000514a4                __mb_cur_max
 .sdata.__malloc_sbrk_base
                0x00000000000514a8        0x4 d:/mypc/quartus/quartus/nios2eds/bin/gnu/h-x86_64-mingw32/bin/../lib/gcc/nios2-elf/5.3.0/../../../../../H-x86_64-mingw32/nios2-elf/lib\libc.a(lib_a-mallocr.o)
                0x00000000000514a8                __malloc_sbrk_base
 .sdata.__malloc_trim_threshold
                0x00000000000514ac        0x4 d:/mypc/quartus/quartus/nios2eds/bin/gnu/h-x86_64-mingw32/bin/../lib/gcc/nios2-elf/5.3.0/../../../../../H-x86_64-mingw32/nios2-elf/lib\libc.a(lib_a-mallocr.o)
                0x00000000000514ac                __malloc_trim_threshold
 .sdata.__wctomb
                0x00000000000514b0        0x4 d:/mypc/quartus/quartus/nios2eds/bin/gnu/h-x86_64-mingw32/bin/../lib/gcc/nios2-elf/5.3.0/../../../../../H-x86_64-mingw32/nios2-elf/lib\libc.a(lib_a-wctomb_r.o)
                0x00000000000514b0                __wctomb
 .sdata         0x00000000000514b4       0x14 ../miniProjet_telemetre_us_bsp/\libhal_bsp.a(alt_dev.o)
                0x00000000000514b4                alt_fs_list
                0x00000000000514bc                alt_dev_list
                0x00000000000514c4                alt_max_fd
 .sdata         0x00000000000514c8        0x4 ../miniProjet_telemetre_us_bsp/\libhal_bsp.a(alt_errno.o)
                0x00000000000514c8                alt_errno
 .sdata         0x00000000000514cc        0x4 ../miniProjet_telemetre_us_bsp/\libhal_bsp.a(alt_sbrk.o)
 .sdata         0x00000000000514d0        0x4 ../miniProjet_telemetre_us_bsp/\libhal_bsp.a(alt_irq_vars.o)
                0x00000000000514d0                alt_priority_mask
 .sdata         0x00000000000514d4        0x8 ../miniProjet_telemetre_us_bsp/\libhal_bsp.a(alt_tick.o)
                0x00000000000514d4                alt_alarm_list
 *(.sdata2 .sdata2.* .gnu.linkonce.s2.*)
                0x00000000000514dc                . = ALIGN (0x4)
                0x00000000000514dc                _edata = ABSOLUTE (.)
                [!provide]                        PROVIDE (edata, ABSOLUTE (.))
                0x00000000000514dc                PROVIDE (__ram_rwdata_end, ABSOLUTE (.))
                0x00000000000514dc                PROVIDE (__flash_rwdata_start, LOADADDR (.rwdata))

.bss            0x0000000000052fc8      0x15c
                0x0000000000052fc8                __bss_start = ABSOLUTE (.)
                [!provide]                        PROVIDE (__sbss_start, ABSOLUTE (.))
                [!provide]                        PROVIDE (___sbss_start, ABSOLUTE (.))
 *(.dynsbss)
 *(.sbss .sbss.* .gnu.linkonce.sb.*)
 .sbss._PathLocale
                0x0000000000052fc8        0x4 d:/mypc/quartus/quartus/nios2eds/bin/gnu/h-x86_64-mingw32/bin/../lib/gcc/nios2-elf/5.3.0/../../../../../H-x86_64-mingw32/nios2-elf/lib\libc.a(lib_a-locale.o)
                0x0000000000052fc8                _PathLocale
 .sbss.__mlocale_changed
                0x0000000000052fcc        0x4 d:/mypc/quartus/quartus/nios2eds/bin/gnu/h-x86_64-mingw32/bin/../lib/gcc/nios2-elf/5.3.0/../../../../../H-x86_64-mingw32/nios2-elf/lib\libc.a(lib_a-locale.o)
                0x0000000000052fcc                __mlocale_changed
 .sbss.__nlocale_changed
                0x0000000000052fd0        0x4 d:/mypc/quartus/quartus/nios2eds/bin/gnu/h-x86_64-mingw32/bin/../lib/gcc/nios2-elf/5.3.0/../../../../../H-x86_64-mingw32/nios2-elf/lib\libc.a(lib_a-locale.o)
                0x0000000000052fd0                __nlocale_changed
 .sbss.__malloc_max_total_mem
                0x0000000000052fd4        0x4 d:/mypc/quartus/quartus/nios2eds/bin/gnu/h-x86_64-mingw32/bin/../lib/gcc/nios2-elf/5.3.0/../../../../../H-x86_64-mingw32/nios2-elf/lib\libc.a(lib_a-mallocr.o)
                0x0000000000052fd4                __malloc_max_total_mem
 .sbss.__malloc_max_sbrked_mem
                0x0000000000052fd8        0x4 d:/mypc/quartus/quartus/nios2eds/bin/gnu/h-x86_64-mingw32/bin/../lib/gcc/nios2-elf/5.3.0/../../../../../H-x86_64-mingw32/nios2-elf/lib\libc.a(lib_a-mallocr.o)
                0x0000000000052fd8                __malloc_max_sbrked_mem
 .sbss.__malloc_top_pad
                0x0000000000052fdc        0x4 d:/mypc/quartus/quartus/nios2eds/bin/gnu/h-x86_64-mingw32/bin/../lib/gcc/nios2-elf/5.3.0/../../../../../H-x86_64-mingw32/nios2-elf/lib\libc.a(lib_a-mallocr.o)
                0x0000000000052fdc                __malloc_top_pad
 .sbss          0x0000000000052fe0        0x4 d:/mypc/quartus/quartus/nios2eds/bin/gnu/h-x86_64-mingw32/bin/../lib/gcc/nios2-elf/5.3.0/../../../../../H-x86_64-mingw32/nios2-elf/lib\libc.a(lib_a-int_errno.o)
                0x0000000000052fe0                errno
 .sbss          0x0000000000052fe4        0xc ../miniProjet_telemetre_us_bsp/\libhal_bsp.a(alt_main.o)
                0x0000000000052fe4                alt_argc
                0x0000000000052fe8                alt_argv
                0x0000000000052fec                alt_envp
 .sbss          0x0000000000052ff0        0x4 ../miniProjet_telemetre_us_bsp/\libhal_bsp.a(alt_irq_vars.o)
                0x0000000000052ff0                alt_irq_active
 .sbss          0x0000000000052ff4        0x8 ../miniProjet_telemetre_us_bsp/\libhal_bsp.a(alt_tick.o)
                0x0000000000052ff4                _alt_tick_rate
                0x0000000000052ff8                _alt_nticks
 *(.sbss2 .sbss2.* .gnu.linkonce.sb2.*)
 *(.scommon)
                [!provide]                        PROVIDE (__sbss_end, ABSOLUTE (.))
                [!provide]                        PROVIDE (___sbss_end, ABSOLUTE (.))
 *(.dynbss)
 *(.bss .bss.* .gnu.linkonce.b.*)
 .bss           0x0000000000052ffc        0x0 ../miniProjet_telemetre_us_bsp//obj/HAL/src/crt0.o
 .bss           0x0000000000052ffc        0x0 obj/default/hello_world.o
 .bss           0x0000000000052ffc        0x0 d:/mypc/quartus/quartus/nios2eds/bin/gnu/h-x86_64-mingw32/bin/../lib/gcc/nios2-elf/5.3.0\libgcc.a(muldf3.o)
 .bss           0x0000000000052ffc        0x0 d:/mypc/quartus/quartus/nios2eds/bin/gnu/h-x86_64-mingw32/bin/../lib/gcc/nios2-elf/5.3.0\libgcc.a(floatsidf.o)
 .bss           0x0000000000052ffc        0x0 d:/mypc/quartus/quartus/nios2eds/bin/gnu/h-x86_64-mingw32/bin/../lib/gcc/nios2-elf/5.3.0\libgcc.a(extendsfdf2.o)
 .bss           0x0000000000052ffc        0x0 d:/mypc/quartus/quartus/nios2eds/bin/gnu/h-x86_64-mingw32/bin/../lib/gcc/nios2-elf/5.3.0\libgcc.a(truncdfsf2.o)
 .bss           0x0000000000052ffc        0x0 d:/mypc/quartus/quartus/nios2eds/bin/gnu/h-x86_64-mingw32/bin/../lib/gcc/nios2-elf/5.3.0\libgcc.a(_clzsi2.o)
 .bss           0x0000000000052ffc        0x0 d:/mypc/quartus/quartus/nios2eds/bin/gnu/h-x86_64-mingw32/bin/../lib/gcc/nios2-elf/5.3.0\libgcc.a(_clz.o)
 .bss           0x0000000000052ffc        0x0 d:/mypc/quartus/quartus/nios2eds/bin/gnu/h-x86_64-mingw32/bin/../lib/gcc/nios2-elf/5.3.0/../../../../../H-x86_64-mingw32/nios2-elf/lib\libc.a(lib_a-printf.o)
 .bss           0x0000000000052ffc        0x0 d:/mypc/quartus/quartus/nios2eds/bin/gnu/h-x86_64-mingw32/bin/../lib/gcc/nios2-elf/5.3.0/../../../../../H-x86_64-mingw32/nios2-elf/lib\libc.a(lib_a-puts.o)
 .bss           0x0000000000052ffc        0x0 d:/mypc/quartus/quartus/nios2eds/bin/gnu/h-x86_64-mingw32/bin/../lib/gcc/nios2-elf/5.3.0/../../../../../H-x86_64-mingw32/nios2-elf/lib\libc.a(lib_a-strlen.o)
 .bss           0x0000000000052ffc        0x0 d:/mypc/quartus/quartus/nios2eds/bin/gnu/h-x86_64-mingw32/bin/../lib/gcc/nios2-elf/5.3.0/../../../../../H-x86_64-mingw32/nios2-elf/lib\libc.a(lib_a-vfprintf.o)
 .bss           0x0000000000052ffc        0x0 d:/mypc/quartus/quartus/nios2eds/bin/gnu/h-x86_64-mingw32/bin/../lib/gcc/nios2-elf/5.3.0/../../../../../H-x86_64-mingw32/nios2-elf/lib\libc.a(lib_a-wsetup.o)
 .bss           0x0000000000052ffc        0x0 d:/mypc/quartus/quartus/nios2eds/bin/gnu/h-x86_64-mingw32/bin/../lib/gcc/nios2-elf/5.3.0/../../../../../H-x86_64-mingw32/nios2-elf/lib\libc.a(lib_a-dtoa.o)
 .bss           0x0000000000052ffc        0x0 d:/mypc/quartus/quartus/nios2eds/bin/gnu/h-x86_64-mingw32/bin/../lib/gcc/nios2-elf/5.3.0/../../../../../H-x86_64-mingw32/nios2-elf/lib\libc.a(lib_a-fflush.o)
 .bss           0x0000000000052ffc        0x0 d:/mypc/quartus/quartus/nios2eds/bin/gnu/h-x86_64-mingw32/bin/../lib/gcc/nios2-elf/5.3.0/../../../../../H-x86_64-mingw32/nios2-elf/lib\libc.a(lib_a-findfp.o)
 .bss           0x0000000000052ffc        0x0 d:/mypc/quartus/quartus/nios2eds/bin/gnu/h-x86_64-mingw32/bin/../lib/gcc/nios2-elf/5.3.0/../../../../../H-x86_64-mingw32/nios2-elf/lib\libc.a(lib_a-freer.o)
 .bss           0x0000000000052ffc        0x0 d:/mypc/quartus/quartus/nios2eds/bin/gnu/h-x86_64-mingw32/bin/../lib/gcc/nios2-elf/5.3.0/../../../../../H-x86_64-mingw32/nios2-elf/lib\libc.a(lib_a-fvwrite.o)
 .bss           0x0000000000052ffc        0x0 d:/mypc/quartus/quartus/nios2eds/bin/gnu/h-x86_64-mingw32/bin/../lib/gcc/nios2-elf/5.3.0/../../../../../H-x86_64-mingw32/nios2-elf/lib\libc.a(lib_a-fwalk.o)
 .bss           0x0000000000052ffc        0x0 d:/mypc/quartus/quartus/nios2eds/bin/gnu/h-x86_64-mingw32/bin/../lib/gcc/nios2-elf/5.3.0/../../../../../H-x86_64-mingw32/nios2-elf/lib\libc.a(lib_a-impure.o)
 .bss           0x0000000000052ffc        0x0 d:/mypc/quartus/quartus/nios2eds/bin/gnu/h-x86_64-mingw32/bin/../lib/gcc/nios2-elf/5.3.0/../../../../../H-x86_64-mingw32/nios2-elf/lib\libc.a(lib_a-locale.o)
 .bss           0x0000000000052ffc        0x0 d:/mypc/quartus/quartus/nios2eds/bin/gnu/h-x86_64-mingw32/bin/../lib/gcc/nios2-elf/5.3.0/../../../../../H-x86_64-mingw32/nios2-elf/lib\libc.a(lib_a-makebuf.o)
 .bss           0x0000000000052ffc        0x0 d:/mypc/quartus/quartus/nios2eds/bin/gnu/h-x86_64-mingw32/bin/../lib/gcc/nios2-elf/5.3.0/../../../../../H-x86_64-mingw32/nios2-elf/lib\libc.a(lib_a-mallocr.o)
 .bss.__malloc_current_mallinfo
                0x0000000000052ffc       0x28 d:/mypc/quartus/quartus/nios2eds/bin/gnu/h-x86_64-mingw32/bin/../lib/gcc/nios2-elf/5.3.0/../../../../../H-x86_64-mingw32/nios2-elf/lib\libc.a(lib_a-mallocr.o)
                0x0000000000052ffc                __malloc_current_mallinfo
 .bss           0x0000000000053024        0x0 d:/mypc/quartus/quartus/nios2eds/bin/gnu/h-x86_64-mingw32/bin/../lib/gcc/nios2-elf/5.3.0/../../../../../H-x86_64-mingw32/nios2-elf/lib\libc.a(lib_a-memchr.o)
 .bss           0x0000000000053024        0x0 d:/mypc/quartus/quartus/nios2eds/bin/gnu/h-x86_64-mingw32/bin/../lib/gcc/nios2-elf/5.3.0/../../../../../H-x86_64-mingw32/nios2-elf/lib\libc.a(lib_a-memcpy.o)
 .bss           0x0000000000053024        0x0 d:/mypc/quartus/quartus/nios2eds/bin/gnu/h-x86_64-mingw32/bin/../lib/gcc/nios2-elf/5.3.0/../../../../../H-x86_64-mingw32/nios2-elf/lib\libc.a(lib_a-memmove.o)
 .bss           0x0000000000053024        0x0 d:/mypc/quartus/quartus/nios2eds/bin/gnu/h-x86_64-mingw32/bin/../lib/gcc/nios2-elf/5.3.0/../../../../../H-x86_64-mingw32/nios2-elf/lib\libc.a(lib_a-memset.o)
 .bss           0x0000000000053024        0x0 d:/mypc/quartus/quartus/nios2eds/bin/gnu/h-x86_64-mingw32/bin/../lib/gcc/nios2-elf/5.3.0/../../../../../H-x86_64-mingw32/nios2-elf/lib\libc.a(lib_a-mprec.o)
 .bss           0x0000000000053024        0x0 d:/mypc/quartus/quartus/nios2eds/bin/gnu/h-x86_64-mingw32/bin/../lib/gcc/nios2-elf/5.3.0/../../../../../H-x86_64-mingw32/nios2-elf/lib\libc.a(lib_a-reallocr.o)
 .bss           0x0000000000053024        0x0 d:/mypc/quartus/quartus/nios2eds/bin/gnu/h-x86_64-mingw32/bin/../lib/gcc/nios2-elf/5.3.0/../../../../../H-x86_64-mingw32/nios2-elf/lib\libc.a(lib_a-s_fpclassify.o)
 .bss           0x0000000000053024        0x0 d:/mypc/quartus/quartus/nios2eds/bin/gnu/h-x86_64-mingw32/bin/../lib/gcc/nios2-elf/5.3.0/../../../../../H-x86_64-mingw32/nios2-elf/lib\libc.a(lib_a-sbrkr.o)
 .bss           0x0000000000053024        0x0 d:/mypc/quartus/quartus/nios2eds/bin/gnu/h-x86_64-mingw32/bin/../lib/gcc/nios2-elf/5.3.0/../../../../../H-x86_64-mingw32/nios2-elf/lib\libc.a(lib_a-stdio.o)
 .bss           0x0000000000053024        0x0 d:/mypc/quartus/quartus/nios2eds/bin/gnu/h-x86_64-mingw32/bin/../lib/gcc/nios2-elf/5.3.0/../../../../../H-x86_64-mingw32/nios2-elf/lib\libc.a(lib_a-strcmp.o)
 .bss           0x0000000000053024        0x0 d:/mypc/quartus/quartus/nios2eds/bin/gnu/h-x86_64-mingw32/bin/../lib/gcc/nios2-elf/5.3.0/../../../../../H-x86_64-mingw32/nios2-elf/lib\libc.a(lib_a-vfiprintf.o)
 .bss           0x0000000000053024        0x0 d:/mypc/quartus/quartus/nios2eds/bin/gnu/h-x86_64-mingw32/bin/../lib/gcc/nios2-elf/5.3.0/../../../../../H-x86_64-mingw32/nios2-elf/lib\libc.a(lib_a-writer.o)
 .bss           0x0000000000053024        0x0 d:/mypc/quartus/quartus/nios2eds/bin/gnu/h-x86_64-mingw32/bin/../lib/gcc/nios2-elf/5.3.0/../../../../../H-x86_64-mingw32/nios2-elf/lib\libc.a(closer.o)
 .bss           0x0000000000053024        0x0 d:/mypc/quartus/quartus/nios2eds/bin/gnu/h-x86_64-mingw32/bin/../lib/gcc/nios2-elf/5.3.0/../../../../../H-x86_64-mingw32/nios2-elf/lib\libc.a(lib_a-callocr.o)
 .bss           0x0000000000053024        0x0 d:/mypc/quartus/quartus/nios2eds/bin/gnu/h-x86_64-mingw32/bin/../lib/gcc/nios2-elf/5.3.0/../../../../../H-x86_64-mingw32/nios2-elf/lib\libc.a(lib_a-fclose.o)
 .bss           0x0000000000053024        0x0 d:/mypc/quartus/quartus/nios2eds/bin/gnu/h-x86_64-mingw32/bin/../lib/gcc/nios2-elf/5.3.0/../../../../../H-x86_64-mingw32/nios2-elf/lib\libc.a(lib_a-fputwc.o)
 .bss           0x0000000000053024        0x0 d:/mypc/quartus/quartus/nios2eds/bin/gnu/h-x86_64-mingw32/bin/../lib/gcc/nios2-elf/5.3.0/../../../../../H-x86_64-mingw32/nios2-elf/lib\libc.a(lib_a-fstatr.o)
 .bss           0x0000000000053024        0x0 d:/mypc/quartus/quartus/nios2eds/bin/gnu/h-x86_64-mingw32/bin/../lib/gcc/nios2-elf/5.3.0/../../../../../H-x86_64-mingw32/nios2-elf/lib\libc.a(lib_a-int_errno.o)
 .bss           0x0000000000053024        0x0 d:/mypc/quartus/quartus/nios2eds/bin/gnu/h-x86_64-mingw32/bin/../lib/gcc/nios2-elf/5.3.0/../../../../../H-x86_64-mingw32/nios2-elf/lib\libc.a(lib_a-isattyr.o)