------------------------------------------------------------
TimeQuest Timing Analyzer Summary
------------------------------------------------------------

Type  : Slow 1100mV 85C Model Setup 'clk'
Slack : -2.982
TNS   : -311.700

Type  : Slow 1100mV 85C Model Hold 'clk'
Slack : 0.381
TNS   : 0.000

Type  : Slow 1100mV 85C Model Minimum Pulse Width 'clk'
Slack : -0.394
TNS   : -81.955

Type  : Slow 1100mV 0C Model Setup 'clk'
Slack : -2.844
TNS   : -298.810

Type  : Slow 1100mV 0C Model Hold 'clk'
Slack : 0.380
TNS   : 0.000

Type  : Slow 1100mV 0C Model Minimum Pulse Width 'clk'
Slack : -0.394
TNS   : -89.564

Type  : Fast 1100mV 85C Model Setup 'clk'
Slack : -1.319
TNS   : -116.526

Type  : Fast 1100mV 85C Model Hold 'clk'
Slack : 0.206
TNS   : 0.000

Type  : Fast 1100mV 85C Model Minimum Pulse Width 'clk'
Slack : -0.118
TNS   : -16.015

Type  : Fast 1100mV 0C Model Setup 'clk'
Slack : -1.114
TNS   : -95.999

Type  : Fast 1100mV 0C Model Hold 'clk'
Slack : 0.194
TNS   : 0.000

Type  : Fast 1100mV 0C Model Minimum Pulse Width 'clk'
Slack : -0.115
TNS   : -15.735

------------------------------------------------------------
